Benchmark8to16LE/ref/../unicode_lipsum/lipsum/Arabic-Lipsum.utf8.txt	     18102	115931.37 ns/op	704.59787 MB/s
Benchmark8to16LE/neon/../unicode_lipsum/lipsum/Arabic-Lipsum.utf8.txt	     11564	181784.72 ns/op	449.35019 MB/s
Benchmark8to16LE/ref/../unicode_lipsum/lipsum/Chinese-Lipsum.utf8.txt	     18125	115884.89 ns/op	602.66702 MB/s
Benchmark8to16LE/neon/../unicode_lipsum/lipsum/Chinese-Lipsum.utf8.txt	     14071	149272.67 ns/op	467.86865 MB/s
Benchmark8to16LE/ref/../unicode_lipsum/lipsum/Emoji-Lipsum.utf8.txt	     21876	96014.292 ns/op	682.62754 MB/s
Benchmark8to16LE/neon/../unicode_lipsum/lipsum/Emoji-Lipsum.utf8.txt	     16401	128023.01 ns/op	511.95485 MB/s
Benchmark8to16LE/ref/../unicode_lipsum/lipsum/Hebrew-Lipsum.utf8.txt	     22245	94382.141 ns/op	704.52947 MB/s
Benchmark8to16LE/neon/../unicode_lipsum/lipsum/Hebrew-Lipsum.utf8.txt	     14053	148012.66 ns/op	449.2521 MB/s
Benchmark8to16LE/ref/../unicode_lipsum/lipsum/Hindi-Lipsum.utf8.txt	     10680	196657.82 ns/op	447.46251 MB/s
Benchmark8to16LE/neon/../unicode_lipsum/lipsum/Hindi-Lipsum.utf8.txt	     10272	204347.76 ns/op	430.62376 MB/s
Benchmark8to16LE/ref/../unicode_lipsum/lipsum/Japanese-Lipsum.utf8.txt	     17440	120084.6 ns/op	564.66858 MB/s
Benchmark8to16LE/neon/../unicode_lipsum/lipsum/Japanese-Lipsum.utf8.txt	     14348	146380.76 ns/op	463.23028 MB/s
Benchmark8to16LE/ref/../unicode_lipsum/lipsum/Korean-Lipsum.utf8.txt	     17126	122261.96 ns/op	544.73198 MB/s
Benchmark8to16LE/neon/../unicode_lipsum/lipsum/Korean-Lipsum.utf8.txt	     13543	154995.65 ns/op	429.68948 MB/s
Benchmark8to16LE/ref/../unicode_lipsum/lipsum/Latin-Lipsum.utf8.txt	     16149	130096.58 ns/op	668.27277 MB/s
Benchmark8to16LE/neon/../unicode_lipsum/lipsum/Latin-Lipsum.utf8.txt	      6156	341684.29 ns/op	254.44541 MB/s
Benchmark8to16LE/ref/../unicode_lipsum/lipsum/Russian-Lipsum.utf8.txt	      9015	226580.79 ns/op	462.39578 MB/s
Benchmark8to16LE/neon/../unicode_lipsum/lipsum/Russian-Lipsum.utf8.txt	      8963	233103.58 ns/op	449.45684 MB/s
Benchmark8to16LE/ref/../unicode_lipsum/lipsum/Arabic-Lipsum.utf8.txt	     18129	115916.01 ns/op	704.69125 MB/s
Benchmark8to16LE/neon/../unicode_lipsum/lipsum/Arabic-Lipsum.utf8.txt	     11622	182622.64 ns/op	447.28847 MB/s
Benchmark8to16LE/ref/../unicode_lipsum/lipsum/Chinese-Lipsum.utf8.txt	     18119	115960.28 ns/op	602.2752 MB/s
Benchmark8to16LE/neon/../unicode_lipsum/lipsum/Chinese-Lipsum.utf8.txt	     14073	149261.23 ns/op	467.90451 MB/s
Benchmark8to16LE/ref/../unicode_lipsum/lipsum/Emoji-Lipsum.utf8.txt	     21873	96014.983 ns/op	682.62263 MB/s
Benchmark8to16LE/neon/../unicode_lipsum/lipsum/Emoji-Lipsum.utf8.txt	     16391	127926.87 ns/op	512.3396 MB/s
Benchmark8to16LE/ref/../unicode_lipsum/lipsum/Hebrew-Lipsum.utf8.txt	     22256	94348.989 ns/op	704.77703 MB/s
Benchmark8to16LE/neon/../unicode_lipsum/lipsum/Hebrew-Lipsum.utf8.txt	     14181	148351.93 ns/op	448.2247 MB/s
Benchmark8to16LE/ref/../unicode_lipsum/lipsum/Hindi-Lipsum.utf8.txt	     10692	196558.77 ns/op	447.68799 MB/s
Benchmark8to16LE/neon/../unicode_lipsum/lipsum/Hindi-Lipsum.utf8.txt	     10279	204366.81 ns/op	430.58362 MB/s
Benchmark8to16LE/ref/../unicode_lipsum/lipsum/Japanese-Lipsum.utf8.txt	     17468	120234.94 ns/op	563.96254 MB/s
Benchmark8to16LE/neon/../unicode_lipsum/lipsum/Japanese-Lipsum.utf8.txt	     14342	146429.35 ns/op	463.07655 MB/s
Benchmark8to16LE/ref/../unicode_lipsum/lipsum/Korean-Lipsum.utf8.txt	     17192	122098.82 ns/op	545.4598 MB/s
Benchmark8to16LE/neon/../unicode_lipsum/lipsum/Korean-Lipsum.utf8.txt	     13545	155001.88 ns/op	429.67222 MB/s
Benchmark8to16LE/ref/../unicode_lipsum/lipsum/Latin-Lipsum.utf8.txt	     16571	126631.94 ns/op	686.55663 MB/s
Benchmark8to16LE/neon/../unicode_lipsum/lipsum/Latin-Lipsum.utf8.txt	      6091	345007.37 ns/op	251.99462 MB/s
Benchmark8to16LE/ref/../unicode_lipsum/lipsum/Russian-Lipsum.utf8.txt	      9004	228330.35 ns/op	458.8527 MB/s
Benchmark8to16LE/neon/../unicode_lipsum/lipsum/Russian-Lipsum.utf8.txt	      8952	234561.2 ns/op	446.66382 MB/s
Benchmark8to16LE/ref/../unicode_lipsum/lipsum/Arabic-Lipsum.utf8.txt	     18095	115859.95 ns/op	705.03224 MB/s
Benchmark8to16LE/neon/../unicode_lipsum/lipsum/Arabic-Lipsum.utf8.txt	     11609	182893.24 ns/op	446.62667 MB/s
Benchmark8to16LE/ref/../unicode_lipsum/lipsum/Chinese-Lipsum.utf8.txt	     18117	115877.7 ns/op	602.70441 MB/s
Benchmark8to16LE/neon/../unicode_lipsum/lipsum/Chinese-Lipsum.utf8.txt	     14074	149246.16 ns/op	467.95172 MB/s
Benchmark8to16LE/ref/../unicode_lipsum/lipsum/Emoji-Lipsum.utf8.txt	     21872	96014.572 ns/op	682.62555 MB/s
Benchmark8to16LE/neon/../unicode_lipsum/lipsum/Emoji-Lipsum.utf8.txt	     16396	127765.81 ns/op	512.98542 MB/s
Benchmark8to16LE/ref/../unicode_lipsum/lipsum/Hebrew-Lipsum.utf8.txt	     22223	94460.614 ns/op	703.94418 MB/s
Benchmark8to16LE/neon/../unicode_lipsum/lipsum/Hebrew-Lipsum.utf8.txt	     14156	148584.37 ns/op	447.52352 MB/s
Benchmark8to16LE/ref/../unicode_lipsum/lipsum/Hindi-Lipsum.utf8.txt	     10662	196415.87 ns/op	448.0137 MB/s
Benchmark8to16LE/neon/../unicode_lipsum/lipsum/Hindi-Lipsum.utf8.txt	     10278	204337.69 ns/op	430.64498 MB/s
Benchmark8to16LE/ref/../unicode_lipsum/lipsum/Japanese-Lipsum.utf8.txt	     17424	120041.92 ns/op	564.86932 MB/s
Benchmark8to16LE/neon/../unicode_lipsum/lipsum/Japanese-Lipsum.utf8.txt	     14348	146370.66 ns/op	463.26225 MB/s
Benchmark8to16LE/ref/../unicode_lipsum/lipsum/Korean-Lipsum.utf8.txt	     17011	122000.64 ns/op	545.89877 MB/s
Benchmark8to16LE/neon/../unicode_lipsum/lipsum/Korean-Lipsum.utf8.txt	     13550	154956.52 ns/op	429.798 MB/s
Benchmark8to16LE/ref/../unicode_lipsum/lipsum/Latin-Lipsum.utf8.txt	     16574	126452.46 ns/op	687.53111 MB/s
Benchmark8to16LE/neon/../unicode_lipsum/lipsum/Latin-Lipsum.utf8.txt	      6089	345352.96 ns/op	251.74245 MB/s
Benchmark8to16LE/ref/../unicode_lipsum/lipsum/Russian-Lipsum.utf8.txt	      9340	217339.77 ns/op	482.05628 MB/s
Benchmark8to16LE/neon/../unicode_lipsum/lipsum/Russian-Lipsum.utf8.txt	      8959	234436.76 ns/op	446.9009 MB/s
Benchmark8to16LE/ref/../unicode_lipsum/lipsum/Arabic-Lipsum.utf8.txt	     18122	116076.62 ns/op	703.7162 MB/s
Benchmark8to16LE/neon/../unicode_lipsum/lipsum/Arabic-Lipsum.utf8.txt	     11549	182548.34 ns/op	447.47051 MB/s
Benchmark8to16LE/ref/../unicode_lipsum/lipsum/Chinese-Lipsum.utf8.txt	     18128	115867.44 ns/op	602.75779 MB/s
Benchmark8to16LE/neon/../unicode_lipsum/lipsum/Chinese-Lipsum.utf8.txt	     14072	149254.71 ns/op	467.92492 MB/s
Benchmark8to16LE/ref/../unicode_lipsum/lipsum/Emoji-Lipsum.utf8.txt	     21841	96013.821 ns/op	682.63089 MB/s
Benchmark8to16LE/neon/../unicode_lipsum/lipsum/Emoji-Lipsum.utf8.txt	     16385	127626.82 ns/op	513.54408 MB/s
Benchmark8to16LE/ref/../unicode_lipsum/lipsum/Hebrew-Lipsum.utf8.txt	     22265	94355.528 ns/op	704.72818 MB/s
Benchmark8to16LE/neon/../unicode_lipsum/lipsum/Hebrew-Lipsum.utf8.txt	     14164	148281.57 ns/op	448.43739 MB/s
Benchmark8to16LE/ref/../unicode_lipsum/lipsum/Hindi-Lipsum.utf8.txt	     10692	196985.05 ns/op	446.71919 MB/s
Benchmark8to16LE/neon/../unicode_lipsum/lipsum/Hindi-Lipsum.utf8.txt	     10270	204185.79 ns/op	430.96535 MB/s
Benchmark8to16LE/ref/../unicode_lipsum/lipsum/Japanese-Lipsum.utf8.txt	     17452	120172.25 ns/op	564.25671 MB/s
Benchmark8to16LE/neon/../unicode_lipsum/lipsum/Japanese-Lipsum.utf8.txt	     14343	146408.18 ns/op	463.14353 MB/s
Benchmark8to16LE/ref/../unicode_lipsum/lipsum/Korean-Lipsum.utf8.txt	     16384	122386.48 ns/op	544.17774 MB/s
Benchmark8to16LE/neon/../unicode_lipsum/lipsum/Korean-Lipsum.utf8.txt	     13537	155033.91 ns/op	429.58344 MB/s
Benchmark8to16LE/ref/../unicode_lipsum/lipsum/Latin-Lipsum.utf8.txt	     16639	126224.81 ns/op	688.77107 MB/s
Benchmark8to16LE/neon/../unicode_lipsum/lipsum/Latin-Lipsum.utf8.txt	      6091	345235.38 ns/op	251.82819 MB/s
Benchmark8to16LE/ref/../unicode_lipsum/lipsum/Russian-Lipsum.utf8.txt	      9197	222586.97 ns/op	470.69241 MB/s
Benchmark8to16LE/neon/../unicode_lipsum/lipsum/Russian-Lipsum.utf8.txt	      8951	234599.41 ns/op	446.59106 MB/s
Benchmark8to16LE/ref/../unicode_lipsum/lipsum/Arabic-Lipsum.utf8.txt	     18116	115963.35 ns/op	704.40361 MB/s
Benchmark8to16LE/neon/../unicode_lipsum/lipsum/Arabic-Lipsum.utf8.txt	     11576	181541.4 ns/op	449.95247 MB/s
Benchmark8to16LE/ref/../unicode_lipsum/lipsum/Chinese-Lipsum.utf8.txt	     18123	115900.96 ns/op	602.58345 MB/s
Benchmark8to16LE/neon/../unicode_lipsum/lipsum/Chinese-Lipsum.utf8.txt	     14066	149293.41 ns/op	467.80365 MB/s
Benchmark8to16LE/ref/../unicode_lipsum/lipsum/Emoji-Lipsum.utf8.txt	     21874	96018.251 ns/op	682.59939 MB/s
Benchmark8to16LE/neon/../unicode_lipsum/lipsum/Emoji-Lipsum.utf8.txt	     16417	127842.46 ns/op	512.67788 MB/s
Benchmark8to16LE/ref/../unicode_lipsum/lipsum/Hebrew-Lipsum.utf8.txt	     22227	94318.045 ns/op	705.00825 MB/s
Benchmark8to16LE/neon/../unicode_lipsum/lipsum/Hebrew-Lipsum.utf8.txt	     14162	147840.74 ns/op	449.77453 MB/s
Benchmark8to16LE/ref/../unicode_lipsum/lipsum/Hindi-Lipsum.utf8.txt	     10674	197276.75 ns/op	446.05865 MB/s
Benchmark8to16LE/neon/../unicode_lipsum/lipsum/Hindi-Lipsum.utf8.txt	     10261	204463.36 ns/op	430.38029 MB/s
Benchmark8to16LE/ref/../unicode_lipsum/lipsum/Japanese-Lipsum.utf8.txt	     17468	120192.43 ns/op	564.162 MB/s
Benchmark8to16LE/neon/../unicode_lipsum/lipsum/Japanese-Lipsum.utf8.txt	     14342	146382.07 ns/op	463.22613 MB/s
Benchmark8to16LE/ref/../unicode_lipsum/lipsum/Korean-Lipsum.utf8.txt	     16384	123748.17 ns/op	538.18977 MB/s
Benchmark8to16LE/neon/../unicode_lipsum/lipsum/Korean-Lipsum.utf8.txt	     13547	155042.56 ns/op	429.55946 MB/s
Benchmark8to16LE/ref/../unicode_lipsum/lipsum/Latin-Lipsum.utf8.txt	     16255	129133.02 ns/op	673.25925 MB/s
Benchmark8to16LE/neon/../unicode_lipsum/lipsum/Latin-Lipsum.utf8.txt	      6136	346212.06 ns/op	251.11777 MB/s
Benchmark8to16LE/ref/../unicode_lipsum/lipsum/Russian-Lipsum.utf8.txt	      9356	228598.47 ns/op	458.31454 MB/s
Benchmark8to16LE/neon/../unicode_lipsum/lipsum/Russian-Lipsum.utf8.txt	      8960	234163.7 ns/op	447.42203 MB/s
Benchmark8to16LE/ref/../unicode_lipsum/lipsum/Arabic-Lipsum.utf8.txt	     18111	115814.17 ns/op	705.31094 MB/s
Benchmark8to16LE/neon/../unicode_lipsum/lipsum/Arabic-Lipsum.utf8.txt	     11584	181855.78 ns/op	449.17461 MB/s
Benchmark8to16LE/ref/../unicode_lipsum/lipsum/Chinese-Lipsum.utf8.txt	     18124	115871.05 ns/op	602.73897 MB/s
Benchmark8to16LE/neon/../unicode_lipsum/lipsum/Chinese-Lipsum.utf8.txt	     14073	149231.94 ns/op	467.99634 MB/s
Benchmark8to16LE/ref/../unicode_lipsum/lipsum/Emoji-Lipsum.utf8.txt	     21875	96000.364 ns/op	682.72658 MB/s
Benchmark8to16LE/neon/../unicode_lipsum/lipsum/Emoji-Lipsum.utf8.txt	     16251	127754.51 ns/op	513.0308 MB/s
Benchmark8to16LE/ref/../unicode_lipsum/lipsum/Hebrew-Lipsum.utf8.txt	     22253	94354.104 ns/op	704.73882 MB/s
Benchmark8to16LE/neon/../unicode_lipsum/lipsum/Hebrew-Lipsum.utf8.txt	     14136	148478.33 ns/op	447.84313 MB/s
Benchmark8to16LE/ref/../unicode_lipsum/lipsum/Hindi-Lipsum.utf8.txt	     10697	196169.37 ns/op	448.57665 MB/s
Benchmark8to16LE/neon/../unicode_lipsum/lipsum/Hindi-Lipsum.utf8.txt	     10276	204347.5 ns/op	430.62431 MB/s
Benchmark8to16LE/ref/../unicode_lipsum/lipsum/Japanese-Lipsum.utf8.txt	     17472	120149.5 ns/op	564.36354 MB/s
Benchmark8to16LE/neon/../unicode_lipsum/lipsum/Japanese-Lipsum.utf8.txt	     14348	146365.1 ns/op	463.27983 MB/s
Benchmark8to16LE/ref/../unicode_lipsum/lipsum/Korean-Lipsum.utf8.txt	     17382	120500.05 ns/op	552.69686 MB/s
Benchmark8to16LE/neon/../unicode_lipsum/lipsum/Korean-Lipsum.utf8.txt	     13551	154971.55 ns/op	429.75631 MB/s
Benchmark8to16LE/ref/../unicode_lipsum/lipsum/Latin-Lipsum.utf8.txt	     16275	130208.47 ns/op	667.69851 MB/s
Benchmark8to16LE/neon/../unicode_lipsum/lipsum/Latin-Lipsum.utf8.txt	      6080	345290.05 ns/op	251.78832 MB/s
Benchmark8to16LE/ref/../unicode_lipsum/lipsum/Russian-Lipsum.utf8.txt	      9011	226983.46 ns/op	461.57548 MB/s
Benchmark8to16LE/neon/../unicode_lipsum/lipsum/Russian-Lipsum.utf8.txt	      8963	234392.81 ns/op	446.9847 MB/s
Benchmark8to16LE/ref/../unicode_lipsum/lipsum/Arabic-Lipsum.utf8.txt	     18081	116234.61 ns/op	702.75969 MB/s
Benchmark8to16LE/neon/../unicode_lipsum/lipsum/Arabic-Lipsum.utf8.txt	     11579	182559.06 ns/op	447.44424 MB/s
Benchmark8to16LE/ref/../unicode_lipsum/lipsum/Chinese-Lipsum.utf8.txt	     18120	115904.25 ns/op	602.56635 MB/s
Benchmark8to16LE/neon/../unicode_lipsum/lipsum/Chinese-Lipsum.utf8.txt	     14069	149269.93 ns/op	467.87722 MB/s
Benchmark8to16LE/ref/../unicode_lipsum/lipsum/Emoji-Lipsum.utf8.txt	     21870	96026.497 ns/op	682.54078 MB/s
Benchmark8to16LE/neon/../unicode_lipsum/lipsum/Emoji-Lipsum.utf8.txt	     16393	127795.24 ns/op	512.86728 MB/s
Benchmark8to16LE/ref/../unicode_lipsum/lipsum/Hebrew-Lipsum.utf8.txt	     22248	94422.221 ns/op	704.23042 MB/s
Benchmark8to16LE/neon/../unicode_lipsum/lipsum/Hebrew-Lipsum.utf8.txt	     14171	148375.86 ns/op	448.1524 MB/s
Benchmark8to16LE/ref/../unicode_lipsum/lipsum/Hindi-Lipsum.utf8.txt	     10684	197165.72 ns/op	446.30983 MB/s
Benchmark8to16LE/neon/../unicode_lipsum/lipsum/Hindi-Lipsum.utf8.txt	     10273	204407.3 ns/op	430.49833 MB/s
Benchmark8to16LE/ref/../unicode_lipsum/lipsum/Japanese-Lipsum.utf8.txt	     17472	120215.73 ns/op	564.05263 MB/s
Benchmark8to16LE/neon/../unicode_lipsum/lipsum/Japanese-Lipsum.utf8.txt	     14349	146352.52 ns/op	463.31968 MB/s
Benchmark8to16LE/ref/../unicode_lipsum/lipsum/Korean-Lipsum.utf8.txt	     17228	122266.89 ns/op	544.71003 MB/s
Benchmark8to16LE/neon/../unicode_lipsum/lipsum/Korean-Lipsum.utf8.txt	     13553	154965.19 ns/op	429.77394 MB/s
Benchmark8to16LE/ref/../unicode_lipsum/lipsum/Latin-Lipsum.utf8.txt	     16544	126668.16 ns/op	686.36034 MB/s
Benchmark8to16LE/neon/../unicode_lipsum/lipsum/Latin-Lipsum.utf8.txt	      6076	345413.07 ns/op	251.69864 MB/s
Benchmark8to16LE/ref/../unicode_lipsum/lipsum/Russian-Lipsum.utf8.txt	      9364	223252.51 ns/op	469.28925 MB/s
Benchmark8to16LE/neon/../unicode_lipsum/lipsum/Russian-Lipsum.utf8.txt	      8951	234694.31 ns/op	446.41049 MB/s
Benchmark8to16LE/ref/../unicode_lipsum/lipsum/Arabic-Lipsum.utf8.txt	     18076	116098.16 ns/op	703.58565 MB/s
Benchmark8to16LE/neon/../unicode_lipsum/lipsum/Arabic-Lipsum.utf8.txt	     11535	182662.01 ns/op	447.19206 MB/s
Benchmark8to16LE/ref/../unicode_lipsum/lipsum/Chinese-Lipsum.utf8.txt	     18126	115871.09 ns/op	602.7388 MB/s
Benchmark8to16LE/neon/../unicode_lipsum/lipsum/Chinese-Lipsum.utf8.txt	     14064	149322.39 ns/op	467.71284 MB/s
Benchmark8to16LE/ref/../unicode_lipsum/lipsum/Emoji-Lipsum.utf8.txt	     21873	96028.054 ns/op	682.52971 MB/s
Benchmark8to16LE/neon/../unicode_lipsum/lipsum/Emoji-Lipsum.utf8.txt	     16048	130905.8 ns/op	500.68065 MB/s
Benchmark8to16LE/ref/../unicode_lipsum/lipsum/Hebrew-Lipsum.utf8.txt	     22280	94392.109 ns/op	704.45507 MB/s
Benchmark8to16LE/neon/../unicode_lipsum/lipsum/Hebrew-Lipsum.utf8.txt	     14331	146074.9 ns/op	455.21168 MB/s
Benchmark8to16LE/ref/../unicode_lipsum/lipsum/Hindi-Lipsum.utf8.txt	     10694	196332.19 ns/op	448.20465 MB/s
Benchmark8to16LE/neon/../unicode_lipsum/lipsum/Hindi-Lipsum.utf8.txt	     10274	204383.4 ns/op	430.54866 MB/s
Benchmark8to16LE/ref/../unicode_lipsum/lipsum/Japanese-Lipsum.utf8.txt	     17477	120229.23 ns/op	563.98932 MB/s
Benchmark8to16LE/neon/../unicode_lipsum/lipsum/Japanese-Lipsum.utf8.txt	     14344	146428.59 ns/op	463.07897 MB/s
Benchmark8to16LE/ref/../unicode_lipsum/lipsum/Korean-Lipsum.utf8.txt	     16384	122267.79 ns/op	544.706 MB/s
Benchmark8to16LE/neon/../unicode_lipsum/lipsum/Korean-Lipsum.utf8.txt	     13544	155071.01 ns/op	429.48065 MB/s
Benchmark8to16LE/ref/../unicode_lipsum/lipsum/Latin-Lipsum.utf8.txt	     16598	127047.85 ns/op	684.3091 MB/s
Benchmark8to16LE/neon/../unicode_lipsum/lipsum/Latin-Lipsum.utf8.txt	      6085	345052.28 ns/op	251.96182 MB/s
Benchmark8to16LE/ref/../unicode_lipsum/lipsum/Russian-Lipsum.utf8.txt	      9078	225242.25 ns/op	465.14363 MB/s
Benchmark8to16LE/neon/../unicode_lipsum/lipsum/Russian-Lipsum.utf8.txt	      8959	234435.04 ns/op	446.90418 MB/s
Benchmark8to16LE/ref/../unicode_lipsum/lipsum/Arabic-Lipsum.utf8.txt	     18107	116111.43 ns/op	703.50527 MB/s
Benchmark8to16LE/neon/../unicode_lipsum/lipsum/Arabic-Lipsum.utf8.txt	     11639	181736.34 ns/op	449.46983 MB/s
Benchmark8to16LE/ref/../unicode_lipsum/lipsum/Chinese-Lipsum.utf8.txt	     18127	115864.83 ns/op	602.77134 MB/s
Benchmark8to16LE/neon/../unicode_lipsum/lipsum/Chinese-Lipsum.utf8.txt	     14068	149248.78 ns/op	467.94353 MB/s
Benchmark8to16LE/ref/../unicode_lipsum/lipsum/Emoji-Lipsum.utf8.txt	     21875	96015.288 ns/op	682.62046 MB/s
Benchmark8to16LE/neon/../unicode_lipsum/lipsum/Emoji-Lipsum.utf8.txt	     16393	128230.07 ns/op	511.12818 MB/s
Benchmark8to16LE/ref/../unicode_lipsum/lipsum/Hebrew-Lipsum.utf8.txt	     22291	94352.693 ns/op	704.74936 MB/s
Benchmark8to16LE/neon/../unicode_lipsum/lipsum/Hebrew-Lipsum.utf8.txt	     14268	147483.8 ns/op	450.86308 MB/s
Benchmark8to16LE/ref/../unicode_lipsum/lipsum/Hindi-Lipsum.utf8.txt	     10693	196162.09 ns/op	448.5933 MB/s
Benchmark8to16LE/neon/../unicode_lipsum/lipsum/Hindi-Lipsum.utf8.txt	     10266	204735.4 ns/op	429.80842 MB/s
Benchmark8to16LE/ref/../unicode_lipsum/lipsum/Japanese-Lipsum.utf8.txt	     17472	120317.29 ns/op	563.57651 MB/s
Benchmark8to16LE/neon/../unicode_lipsum/lipsum/Japanese-Lipsum.utf8.txt	     14339	146496.21 ns/op	462.86523 MB/s
Benchmark8to16LE/ref/../unicode_lipsum/lipsum/Korean-Lipsum.utf8.txt	     17191	120813.22 ns/op	551.26418 MB/s
Benchmark8to16LE/neon/../unicode_lipsum/lipsum/Korean-Lipsum.utf8.txt	     13546	155013.38 ns/op	429.64034 MB/s
Benchmark8to16LE/ref/../unicode_lipsum/lipsum/Latin-Lipsum.utf8.txt	     16616	127325.8 ns/op	682.81524 MB/s
Benchmark8to16LE/neon/../unicode_lipsum/lipsum/Latin-Lipsum.utf8.txt	      6077	345960.89 ns/op	251.30008 MB/s
Benchmark8to16LE/ref/../unicode_lipsum/lipsum/Russian-Lipsum.utf8.txt	      9179	230315.76 ns/op	454.89722 MB/s
Benchmark8to16LE/neon/../unicode_lipsum/lipsum/Russian-Lipsum.utf8.txt	      8949	234584.52 ns/op	446.61941 MB/s
Benchmark8to16LE/ref/../unicode_lipsum/lipsum/Arabic-Lipsum.utf8.txt	     18140	116186.72 ns/op	703.04937 MB/s
Benchmark8to16LE/neon/../unicode_lipsum/lipsum/Arabic-Lipsum.utf8.txt	     11573	183457.21 ns/op	445.2537 MB/s
Benchmark8to16LE/ref/../unicode_lipsum/lipsum/Chinese-Lipsum.utf8.txt	     18129	115842.51 ns/op	602.88748 MB/s
Benchmark8to16LE/neon/../unicode_lipsum/lipsum/Chinese-Lipsum.utf8.txt	     14073	149217.63 ns/op	468.0412 MB/s
Benchmark8to16LE/ref/../unicode_lipsum/lipsum/Emoji-Lipsum.utf8.txt	     21871	96010.151 ns/op	682.65698 MB/s
Benchmark8to16LE/neon/../unicode_lipsum/lipsum/Emoji-Lipsum.utf8.txt	     16404	128246.22 ns/op	511.06378 MB/s
Benchmark8to16LE/ref/../unicode_lipsum/lipsum/Hebrew-Lipsum.utf8.txt	     22256	94362.45 ns/op	704.67649 MB/s
Benchmark8to16LE/neon/../unicode_lipsum/lipsum/Hebrew-Lipsum.utf8.txt	     14136	148038.57 ns/op	449.17349 MB/s
Benchmark8to16LE/ref/../unicode_lipsum/lipsum/Hindi-Lipsum.utf8.txt	     10683	196993.81 ns/op	446.69932 MB/s
Benchmark8to16LE/neon/../unicode_lipsum/lipsum/Hindi-Lipsum.utf8.txt	     10278	204348.78 ns/op	430.62162 MB/s
Benchmark8to16LE/ref/../unicode_lipsum/lipsum/Japanese-Lipsum.utf8.txt	     17474	120152.14 ns/op	564.35118 MB/s
Benchmark8to16LE/neon/../unicode_lipsum/lipsum/Japanese-Lipsum.utf8.txt	     14350	146350.48 ns/op	463.32613 MB/s
Benchmark8to16LE/ref/../unicode_lipsum/lipsum/Korean-Lipsum.utf8.txt	     17222	122369.92 ns/op	544.25138 MB/s
Benchmark8to16LE/neon/../unicode_lipsum/lipsum/Korean-Lipsum.utf8.txt	     13551	154935.03 ns/op	429.85759 MB/s
Benchmark8to16LE/ref/../unicode_lipsum/lipsum/Latin-Lipsum.utf8.txt	     16484	130078.44 ns/op	668.36596 MB/s
Benchmark8to16LE/neon/../unicode_lipsum/lipsum/Latin-Lipsum.utf8.txt	      6081	344775.63 ns/op	252.16399 MB/s
Benchmark8to16LE/ref/../unicode_lipsum/lipsum/Russian-Lipsum.utf8.txt	      8913	224657.07 ns/op	466.35524 MB/s
Benchmark8to16LE/neon/../unicode_lipsum/lipsum/Russian-Lipsum.utf8.txt	      8952	234582.82 ns/op	446.62264 MB/s
