Benchmark8to16LE/ref/../unicode_lipsum/lipsum/Arabic-Lipsum.utf8.txt	     18116	115874.8 ns/op	704.94187 MB/s
Benchmark8to16LE/neon/../unicode_lipsum/lipsum/Arabic-Lipsum.utf8.txt	     12063	174036.73 ns/op	469.35494 MB/s
Benchmark8to16LE/ref/../unicode_lipsum/lipsum/Chinese-Lipsum.utf8.txt	     18071	116264.99 ns/op	600.69674 MB/s
Benchmark8to16LE/neon/../unicode_lipsum/lipsum/Chinese-Lipsum.utf8.txt	     14838	141532.19 ns/op	493.45665 MB/s
Benchmark8to16LE/ref/../unicode_lipsum/lipsum/Emoji-Lipsum.utf8.txt	     21779	96390.895 ns/op	679.96049 MB/s
Benchmark8to16LE/neon/../unicode_lipsum/lipsum/Emoji-Lipsum.utf8.txt	     16361	128156.65 ns/op	511.421 MB/s
Benchmark8to16LE/ref/../unicode_lipsum/lipsum/Hebrew-Lipsum.utf8.txt	     22252	94477.392 ns/op	703.81917 MB/s
Benchmark8to16LE/neon/../unicode_lipsum/lipsum/Hebrew-Lipsum.utf8.txt	     14756	142234.71 ns/op	467.50192 MB/s
Benchmark8to16LE/ref/../unicode_lipsum/lipsum/Hindi-Lipsum.utf8.txt	     10664	197358.53 ns/op	445.87381 MB/s
Benchmark8to16LE/neon/../unicode_lipsum/lipsum/Hindi-Lipsum.utf8.txt	     10829	193577.72 ns/op	454.58226 MB/s
Benchmark8to16LE/ref/../unicode_lipsum/lipsum/Japanese-Lipsum.utf8.txt	     17413	120620.72 ns/op	562.15882 MB/s
Benchmark8to16LE/neon/../unicode_lipsum/lipsum/Japanese-Lipsum.utf8.txt	     15156	138523.5 ns/op	489.50539 MB/s
Benchmark8to16LE/ref/../unicode_lipsum/lipsum/Korean-Lipsum.utf8.txt	     17576	118549.95 ns/op	561.7885 MB/s
Benchmark8to16LE/neon/../unicode_lipsum/lipsum/Korean-Lipsum.utf8.txt	     14324	146637.42 ns/op	454.18148 MB/s
Benchmark8to16LE/ref/../unicode_lipsum/lipsum/Latin-Lipsum.utf8.txt	     16254	130144.06 ns/op	668.02895 MB/s
Benchmark8to16LE/neon/../unicode_lipsum/lipsum/Latin-Lipsum.utf8.txt	      6678	315412.77 ns/op	275.6388 MB/s
Benchmark8to16LE/ref/../unicode_lipsum/lipsum/Russian-Lipsum.utf8.txt	      9150	224600.45 ns/op	466.4728 MB/s
Benchmark8to16LE/neon/../unicode_lipsum/lipsum/Russian-Lipsum.utf8.txt	      9453	222180.03 ns/op	471.55453 MB/s
Benchmark8to16LE/ref/../unicode_lipsum/lipsum/Arabic-Lipsum.utf8.txt	     18106	115921.03 ns/op	704.66074 MB/s
Benchmark8to16LE/neon/../unicode_lipsum/lipsum/Arabic-Lipsum.utf8.txt	     12075	173855.41 ns/op	469.84446 MB/s
Benchmark8to16LE/ref/../unicode_lipsum/lipsum/Chinese-Lipsum.utf8.txt	     18066	116299.86 ns/op	600.51664 MB/s
Benchmark8to16LE/neon/../unicode_lipsum/lipsum/Chinese-Lipsum.utf8.txt	     14841	141483.06 ns/op	493.628 MB/s
Benchmark8to16LE/ref/../unicode_lipsum/lipsum/Emoji-Lipsum.utf8.txt	     21788	96329.877 ns/op	680.39119 MB/s
Benchmark8to16LE/neon/../unicode_lipsum/lipsum/Emoji-Lipsum.utf8.txt	     16375	128014.91 ns/op	511.98722 MB/s
Benchmark8to16LE/ref/../unicode_lipsum/lipsum/Hebrew-Lipsum.utf8.txt	     22200	94666.188 ns/op	702.41552 MB/s
Benchmark8to16LE/neon/../unicode_lipsum/lipsum/Hebrew-Lipsum.utf8.txt	     14762	142264.4 ns/op	467.40434 MB/s
Benchmark8to16LE/ref/../unicode_lipsum/lipsum/Hindi-Lipsum.utf8.txt	     10643	197446.8 ns/op	445.67448 MB/s
Benchmark8to16LE/neon/../unicode_lipsum/lipsum/Hindi-Lipsum.utf8.txt	     10837	193732.07 ns/op	454.2201 MB/s
Benchmark8to16LE/ref/../unicode_lipsum/lipsum/Japanese-Lipsum.utf8.txt	     17413	120619.41 ns/op	562.1649 MB/s
Benchmark8to16LE/neon/../unicode_lipsum/lipsum/Japanese-Lipsum.utf8.txt	     15169	138529.29 ns/op	489.48492 MB/s
Benchmark8to16LE/ref/../unicode_lipsum/lipsum/Korean-Lipsum.utf8.txt	     17476	119321.25 ns/op	558.15706 MB/s
Benchmark8to16LE/neon/../unicode_lipsum/lipsum/Korean-Lipsum.utf8.txt	     14326	146622.47 ns/op	454.2278 MB/s
Benchmark8to16LE/ref/../unicode_lipsum/lipsum/Latin-Lipsum.utf8.txt	     16551	126652.45 ns/op	686.44547 MB/s
Benchmark8to16LE/neon/../unicode_lipsum/lipsum/Latin-Lipsum.utf8.txt	      6643	315512.04 ns/op	275.55208 MB/s
Benchmark8to16LE/ref/../unicode_lipsum/lipsum/Russian-Lipsum.utf8.txt	      9156	226052.98 ns/op	463.47542 MB/s
Benchmark8to16LE/neon/../unicode_lipsum/lipsum/Russian-Lipsum.utf8.txt	      9451	222181.56 ns/op	471.55127 MB/s
Benchmark8to16LE/ref/../unicode_lipsum/lipsum/Arabic-Lipsum.utf8.txt	     18130	115842.54 ns/op	705.13818 MB/s
Benchmark8to16LE/neon/../unicode_lipsum/lipsum/Arabic-Lipsum.utf8.txt	     12077	173872.39 ns/op	469.79858 MB/s
Benchmark8to16LE/ref/../unicode_lipsum/lipsum/Chinese-Lipsum.utf8.txt	     18060	116274.66 ns/op	600.64676 MB/s
Benchmark8to16LE/neon/../unicode_lipsum/lipsum/Chinese-Lipsum.utf8.txt	     14843	141439.42 ns/op	493.78032 MB/s
Benchmark8to16LE/ref/../unicode_lipsum/lipsum/Emoji-Lipsum.utf8.txt	     21795	96373.129 ns/op	680.08584 MB/s
Benchmark8to16LE/neon/../unicode_lipsum/lipsum/Emoji-Lipsum.utf8.txt	     16366	127948.84 ns/op	512.25162 MB/s
Benchmark8to16LE/ref/../unicode_lipsum/lipsum/Hebrew-Lipsum.utf8.txt	     22157	94771.312 ns/op	701.63637 MB/s
Benchmark8to16LE/neon/../unicode_lipsum/lipsum/Hebrew-Lipsum.utf8.txt	     14771	142211.68 ns/op	467.57763 MB/s
Benchmark8to16LE/ref/../unicode_lipsum/lipsum/Hindi-Lipsum.utf8.txt	     10633	197645.94 ns/op	445.22544 MB/s
Benchmark8to16LE/neon/../unicode_lipsum/lipsum/Hindi-Lipsum.utf8.txt	     10853	193594.5 ns/op	454.54286 MB/s
Benchmark8to16LE/ref/../unicode_lipsum/lipsum/Japanese-Lipsum.utf8.txt	     17423	120543.52 ns/op	562.51882 MB/s
Benchmark8to16LE/neon/../unicode_lipsum/lipsum/Japanese-Lipsum.utf8.txt	     15164	138496.83 ns/op	489.59964 MB/s
Benchmark8to16LE/ref/../unicode_lipsum/lipsum/Korean-Lipsum.utf8.txt	     17611	120733.97 ns/op	551.62601 MB/s
Benchmark8to16LE/neon/../unicode_lipsum/lipsum/Korean-Lipsum.utf8.txt	     14326	146660.68 ns/op	454.10944 MB/s
Benchmark8to16LE/ref/../unicode_lipsum/lipsum/Latin-Lipsum.utf8.txt	     16615	126429.81 ns/op	687.65429 MB/s
Benchmark8to16LE/neon/../unicode_lipsum/lipsum/Latin-Lipsum.utf8.txt	      6658	314534.48 ns/op	276.40849 MB/s
Benchmark8to16LE/ref/../unicode_lipsum/lipsum/Russian-Lipsum.utf8.txt	      9323	225508.46 ns/op	464.59453 MB/s
Benchmark8to16LE/neon/../unicode_lipsum/lipsum/Russian-Lipsum.utf8.txt	      9456	222085.33 ns/op	471.7556 MB/s
Benchmark8to16LE/ref/../unicode_lipsum/lipsum/Arabic-Lipsum.utf8.txt	     18111	116041.86 ns/op	703.92704 MB/s
Benchmark8to16LE/neon/../unicode_lipsum/lipsum/Arabic-Lipsum.utf8.txt	     12072	173927.25 ns/op	469.65039 MB/s
Benchmark8to16LE/ref/../unicode_lipsum/lipsum/Chinese-Lipsum.utf8.txt	     18069	116263.82 ns/op	600.70277 MB/s
Benchmark8to16LE/neon/../unicode_lipsum/lipsum/Chinese-Lipsum.utf8.txt	     14842	141442.08 ns/op	493.77102 MB/s
Benchmark8to16LE/ref/../unicode_lipsum/lipsum/Emoji-Lipsum.utf8.txt	     21792	96373.839 ns/op	680.08083 MB/s
Benchmark8to16LE/neon/../unicode_lipsum/lipsum/Emoji-Lipsum.utf8.txt	     16387	128048.5 ns/op	511.85291 MB/s
Benchmark8to16LE/ref/../unicode_lipsum/lipsum/Hebrew-Lipsum.utf8.txt	     22138	94574.311 ns/op	703.09791 MB/s
Benchmark8to16LE/neon/../unicode_lipsum/lipsum/Hebrew-Lipsum.utf8.txt	     14763	142249.29 ns/op	467.45402 MB/s
Benchmark8to16LE/ref/../unicode_lipsum/lipsum/Hindi-Lipsum.utf8.txt	     10656	197129.87 ns/op	446.391 MB/s
Benchmark8to16LE/neon/../unicode_lipsum/lipsum/Hindi-Lipsum.utf8.txt	     10857	193463.53 ns/op	454.85058 MB/s
Benchmark8to16LE/ref/../unicode_lipsum/lipsum/Japanese-Lipsum.utf8.txt	     17439	120598.59 ns/op	562.26197 MB/s
Benchmark8to16LE/neon/../unicode_lipsum/lipsum/Japanese-Lipsum.utf8.txt	     15162	138543.63 ns/op	489.43426 MB/s
Benchmark8to16LE/ref/../unicode_lipsum/lipsum/Korean-Lipsum.utf8.txt	     17679	118384.82 ns/op	562.57215 MB/s
Benchmark8to16LE/neon/../unicode_lipsum/lipsum/Korean-Lipsum.utf8.txt	     14334	146602.76 ns/op	454.28884 MB/s
Benchmark8to16LE/ref/../unicode_lipsum/lipsum/Latin-Lipsum.utf8.txt	     16507	127172.63 ns/op	683.63769 MB/s
Benchmark8to16LE/neon/../unicode_lipsum/lipsum/Latin-Lipsum.utf8.txt	      6669	315014.76 ns/op	275.98707 MB/s
Benchmark8to16LE/ref/../unicode_lipsum/lipsum/Russian-Lipsum.utf8.txt	      9304	225882.15 ns/op	463.82593 MB/s
Benchmark8to16LE/neon/../unicode_lipsum/lipsum/Russian-Lipsum.utf8.txt	      9445	222430.11 ns/op	471.02437 MB/s
Benchmark8to16LE/ref/../unicode_lipsum/lipsum/Arabic-Lipsum.utf8.txt	     18133	115967.46 ns/op	704.3786 MB/s
Benchmark8to16LE/neon/../unicode_lipsum/lipsum/Arabic-Lipsum.utf8.txt	     12069	174044.11 ns/op	469.33505 MB/s
Benchmark8to16LE/ref/../unicode_lipsum/lipsum/Chinese-Lipsum.utf8.txt	     18065	116210.34 ns/op	600.97922 MB/s
Benchmark8to16LE/neon/../unicode_lipsum/lipsum/Chinese-Lipsum.utf8.txt	     14835	141505.26 ns/op	493.55057 MB/s
Benchmark8to16LE/ref/../unicode_lipsum/lipsum/Emoji-Lipsum.utf8.txt	     21790	96375.244 ns/op	680.07091 MB/s
Benchmark8to16LE/neon/../unicode_lipsum/lipsum/Emoji-Lipsum.utf8.txt	     16373	128053.94 ns/op	511.8312 MB/s
Benchmark8to16LE/ref/../unicode_lipsum/lipsum/Hebrew-Lipsum.utf8.txt	     22244	94456.637 ns/op	703.97382 MB/s
Benchmark8to16LE/neon/../unicode_lipsum/lipsum/Hebrew-Lipsum.utf8.txt	     14754	142232.22 ns/op	467.51012 MB/s
Benchmark8to16LE/ref/../unicode_lipsum/lipsum/Hindi-Lipsum.utf8.txt	     10662	197279.3 ns/op	446.05288 MB/s
Benchmark8to16LE/neon/../unicode_lipsum/lipsum/Hindi-Lipsum.utf8.txt	     10844	193639.15 ns/op	454.43807 MB/s
Benchmark8to16LE/ref/../unicode_lipsum/lipsum/Japanese-Lipsum.utf8.txt	     17383	120598.32 ns/op	562.26323 MB/s
Benchmark8to16LE/neon/../unicode_lipsum/lipsum/Japanese-Lipsum.utf8.txt	     15156	138415.18 ns/op	489.88848 MB/s
Benchmark8to16LE/ref/../unicode_lipsum/lipsum/Korean-Lipsum.utf8.txt	     17563	118772.14 ns/op	560.73754 MB/s
Benchmark8to16LE/neon/../unicode_lipsum/lipsum/Korean-Lipsum.utf8.txt	     14327	146669.78 ns/op	454.08126 MB/s
Benchmark8to16LE/ref/../unicode_lipsum/lipsum/Latin-Lipsum.utf8.txt	     16384	129232.83 ns/op	672.73929 MB/s
Benchmark8to16LE/neon/../unicode_lipsum/lipsum/Latin-Lipsum.utf8.txt	      6729	312252.18 ns/op	278.4288 MB/s
Benchmark8to16LE/ref/../unicode_lipsum/lipsum/Russian-Lipsum.utf8.txt	      9296	228983.06 ns/op	457.54476 MB/s
Benchmark8to16LE/neon/../unicode_lipsum/lipsum/Russian-Lipsum.utf8.txt	      9452	222396.9 ns/op	471.0947 MB/s
Benchmark8to16LE/ref/../unicode_lipsum/lipsum/Arabic-Lipsum.utf8.txt	     18126	115862.29 ns/op	705.01801 MB/s
Benchmark8to16LE/neon/../unicode_lipsum/lipsum/Arabic-Lipsum.utf8.txt	     12072	173880.45 ns/op	469.77679 MB/s
Benchmark8to16LE/ref/../unicode_lipsum/lipsum/Chinese-Lipsum.utf8.txt	     18058	116288.64 ns/op	600.57459 MB/s
Benchmark8to16LE/neon/../unicode_lipsum/lipsum/Chinese-Lipsum.utf8.txt	     14839	141500.97 ns/op	493.56553 MB/s
Benchmark8to16LE/ref/../unicode_lipsum/lipsum/Emoji-Lipsum.utf8.txt	     21794	96380.889 ns/op	680.03108 MB/s
Benchmark8to16LE/neon/../unicode_lipsum/lipsum/Emoji-Lipsum.utf8.txt	     16367	127835.68 ns/op	512.70506 MB/s
Benchmark8to16LE/ref/../unicode_lipsum/lipsum/Hebrew-Lipsum.utf8.txt	     22257	94437.167 ns/op	704.11896 MB/s
Benchmark8to16LE/neon/../unicode_lipsum/lipsum/Hebrew-Lipsum.utf8.txt	     14764	142190.18 ns/op	467.64833 MB/s
Benchmark8to16LE/ref/../unicode_lipsum/lipsum/Hindi-Lipsum.utf8.txt	     10661	196911.08 ns/op	446.88699 MB/s
Benchmark8to16LE/neon/../unicode_lipsum/lipsum/Hindi-Lipsum.utf8.txt	     10838	193793.94 ns/op	454.07509 MB/s
Benchmark8to16LE/ref/../unicode_lipsum/lipsum/Japanese-Lipsum.utf8.txt	     17416	120706.13 ns/op	561.76104 MB/s
Benchmark8to16LE/neon/../unicode_lipsum/lipsum/Japanese-Lipsum.utf8.txt	     15158	138585.97 ns/op	489.28475 MB/s
Benchmark8to16LE/ref/../unicode_lipsum/lipsum/Korean-Lipsum.utf8.txt	     17584	119604.18 ns/op	556.83671 MB/s
Benchmark8to16LE/neon/../unicode_lipsum/lipsum/Korean-Lipsum.utf8.txt	     14325	146685.41 ns/op	454.03288 MB/s
Benchmark8to16LE/ref/../unicode_lipsum/lipsum/Latin-Lipsum.utf8.txt	     16521	129759.72 ns/op	670.0076 MB/s
Benchmark8to16LE/neon/../unicode_lipsum/lipsum/Latin-Lipsum.utf8.txt	      6636	317138.12 ns/op	274.13923 MB/s
Benchmark8to16LE/ref/../unicode_lipsum/lipsum/Russian-Lipsum.utf8.txt	      9206	230029.97 ns/op	455.46239 MB/s
Benchmark8to16LE/neon/../unicode_lipsum/lipsum/Russian-Lipsum.utf8.txt	      9454	222201.51 ns/op	471.50895 MB/s
Benchmark8to16LE/ref/../unicode_lipsum/lipsum/Arabic-Lipsum.utf8.txt	     18123	115820.48 ns/op	705.27248 MB/s
Benchmark8to16LE/neon/../unicode_lipsum/lipsum/Arabic-Lipsum.utf8.txt	     12074	173898.93 ns/op	469.72687 MB/s
Benchmark8to16LE/ref/../unicode_lipsum/lipsum/Chinese-Lipsum.utf8.txt	     18063	116262.42 ns/op	600.70999 MB/s
Benchmark8to16LE/neon/../unicode_lipsum/lipsum/Chinese-Lipsum.utf8.txt	     14841	141453.13 ns/op	493.73246 MB/s
Benchmark8to16LE/ref/../unicode_lipsum/lipsum/Emoji-Lipsum.utf8.txt	     21790	96392.549 ns/op	679.94882 MB/s
Benchmark8to16LE/neon/../unicode_lipsum/lipsum/Emoji-Lipsum.utf8.txt	     16062	130766.53 ns/op	501.21386 MB/s
Benchmark8to16LE/ref/../unicode_lipsum/lipsum/Hebrew-Lipsum.utf8.txt	     22246	94414.803 ns/op	704.28574 MB/s
Benchmark8to16LE/neon/../unicode_lipsum/lipsum/Hebrew-Lipsum.utf8.txt	     14772	142233.23 ns/op	467.5068 MB/s
Benchmark8to16LE/ref/../unicode_lipsum/lipsum/Hindi-Lipsum.utf8.txt	     10652	197001.46 ns/op	446.68196 MB/s
Benchmark8to16LE/neon/../unicode_lipsum/lipsum/Hindi-Lipsum.utf8.txt	     10849	193474.05 ns/op	454.82586 MB/s
Benchmark8to16LE/ref/../unicode_lipsum/lipsum/Japanese-Lipsum.utf8.txt	     17419	120721.14 ns/op	561.69119 MB/s
Benchmark8to16LE/neon/../unicode_lipsum/lipsum/Japanese-Lipsum.utf8.txt	     15158	138489.25 ns/op	489.62644 MB/s
Benchmark8to16LE/ref/../unicode_lipsum/lipsum/Korean-Lipsum.utf8.txt	     17710	118269.37 ns/op	563.12129 MB/s
Benchmark8to16LE/neon/../unicode_lipsum/lipsum/Korean-Lipsum.utf8.txt	     14328	146656.82 ns/op	454.12141 MB/s
Benchmark8to16LE/ref/../unicode_lipsum/lipsum/Latin-Lipsum.utf8.txt	     16364	130036.8 ns/op	668.57997 MB/s
Benchmark8to16LE/neon/../unicode_lipsum/lipsum/Latin-Lipsum.utf8.txt	      6629	316395.72 ns/op	274.78248 MB/s
Benchmark8to16LE/ref/../unicode_lipsum/lipsum/Russian-Lipsum.utf8.txt	      9251	225674.29 ns/op	464.25315 MB/s
Benchmark8to16LE/neon/../unicode_lipsum/lipsum/Russian-Lipsum.utf8.txt	      9456	222139.06 ns/op	471.64151 MB/s
Benchmark8to16LE/ref/../unicode_lipsum/lipsum/Arabic-Lipsum.utf8.txt	     18114	115934.58 ns/op	704.57842 MB/s
Benchmark8to16LE/neon/../unicode_lipsum/lipsum/Arabic-Lipsum.utf8.txt	     12075	173926.65 ns/op	469.65201 MB/s
Benchmark8to16LE/ref/../unicode_lipsum/lipsum/Chinese-Lipsum.utf8.txt	     18068	116231.95 ns/op	600.86749 MB/s
Benchmark8to16LE/neon/../unicode_lipsum/lipsum/Chinese-Lipsum.utf8.txt	     14843	141443.37 ns/op	493.7665 MB/s
Benchmark8to16LE/ref/../unicode_lipsum/lipsum/Emoji-Lipsum.utf8.txt	     21792	96384.561 ns/op	680.00518 MB/s
Benchmark8to16LE/neon/../unicode_lipsum/lipsum/Emoji-Lipsum.utf8.txt	     16383	127939.47 ns/op	512.28913 MB/s
Benchmark8to16LE/ref/../unicode_lipsum/lipsum/Hebrew-Lipsum.utf8.txt	     22229	94425.258 ns/op	704.20777 MB/s
Benchmark8to16LE/neon/../unicode_lipsum/lipsum/Hebrew-Lipsum.utf8.txt	     14768	142240.05 ns/op	467.48436 MB/s
Benchmark8to16LE/ref/../unicode_lipsum/lipsum/Hindi-Lipsum.utf8.txt	     10682	196626.81 ns/op	447.53307 MB/s
Benchmark8to16LE/neon/../unicode_lipsum/lipsum/Hindi-Lipsum.utf8.txt	     10856	193460.95 ns/op	454.85665 MB/s
Benchmark8to16LE/ref/../unicode_lipsum/lipsum/Japanese-Lipsum.utf8.txt	     17386	120766.13 ns/op	561.48193 MB/s
Benchmark8to16LE/neon/../unicode_lipsum/lipsum/Japanese-Lipsum.utf8.txt	     15165	138483.23 ns/op	489.64775 MB/s
Benchmark8to16LE/ref/../unicode_lipsum/lipsum/Korean-Lipsum.utf8.txt	     17302	121287.93 ns/op	549.10659 MB/s
Benchmark8to16LE/neon/../unicode_lipsum/lipsum/Korean-Lipsum.utf8.txt	     14335	146572.92 ns/op	454.38133 MB/s
Benchmark8to16LE/ref/../unicode_lipsum/lipsum/Latin-Lipsum.utf8.txt	     16152	130027.81 ns/op	668.62622 MB/s
Benchmark8to16LE/neon/../unicode_lipsum/lipsum/Latin-Lipsum.utf8.txt	      6666	315647.99 ns/op	275.43341 MB/s
Benchmark8to16LE/ref/../unicode_lipsum/lipsum/Russian-Lipsum.utf8.txt	      9221	226001.65 ns/op	463.58069 MB/s
Benchmark8to16LE/neon/../unicode_lipsum/lipsum/Russian-Lipsum.utf8.txt	      9456	222159.05 ns/op	471.59906 MB/s
Benchmark8to16LE/ref/../unicode_lipsum/lipsum/Arabic-Lipsum.utf8.txt	     18132	115880.26 ns/op	704.90865 MB/s
Benchmark8to16LE/neon/../unicode_lipsum/lipsum/Arabic-Lipsum.utf8.txt	     12080	173793.55 ns/op	470.0117 MB/s
Benchmark8to16LE/ref/../unicode_lipsum/lipsum/Chinese-Lipsum.utf8.txt	     18066	116012.33 ns/op	602.00496 MB/s
Benchmark8to16LE/neon/../unicode_lipsum/lipsum/Chinese-Lipsum.utf8.txt	     14844	141483.47 ns/op	493.62656 MB/s
Benchmark8to16LE/ref/../unicode_lipsum/lipsum/Emoji-Lipsum.utf8.txt	     21784	96396.12 ns/op	679.92363 MB/s
Benchmark8to16LE/neon/../unicode_lipsum/lipsum/Emoji-Lipsum.utf8.txt	     16398	128239.67 ns/op	511.0899 MB/s
Benchmark8to16LE/ref/../unicode_lipsum/lipsum/Hebrew-Lipsum.utf8.txt	     22163	94799.732 ns/op	701.42603 MB/s
Benchmark8to16LE/neon/../unicode_lipsum/lipsum/Hebrew-Lipsum.utf8.txt	     14772	142070.04 ns/op	468.0438 MB/s
Benchmark8to16LE/ref/../unicode_lipsum/lipsum/Hindi-Lipsum.utf8.txt	     10662	196982.86 ns/op	446.72415 MB/s
Benchmark8to16LE/neon/../unicode_lipsum/lipsum/Hindi-Lipsum.utf8.txt	     10850	193331.51 ns/op	455.16118 MB/s
Benchmark8to16LE/ref/../unicode_lipsum/lipsum/Japanese-Lipsum.utf8.txt	     17411	120677.89 ns/op	561.89251 MB/s
Benchmark8to16LE/neon/../unicode_lipsum/lipsum/Japanese-Lipsum.utf8.txt	     15169	138467.23 ns/op	489.70431 MB/s
Benchmark8to16LE/ref/../unicode_lipsum/lipsum/Korean-Lipsum.utf8.txt	     17582	118839.98 ns/op	560.41748 MB/s
Benchmark8to16LE/neon/../unicode_lipsum/lipsum/Korean-Lipsum.utf8.txt	     14325	146572.89 ns/op	454.38143 MB/s
Benchmark8to16LE/ref/../unicode_lipsum/lipsum/Latin-Lipsum.utf8.txt	     16578	126830.22 ns/op	685.48331 MB/s
Benchmark8to16LE/neon/../unicode_lipsum/lipsum/Latin-Lipsum.utf8.txt	      6635	316419.85 ns/op	274.76152 MB/s
Benchmark8to16LE/ref/../unicode_lipsum/lipsum/Russian-Lipsum.utf8.txt	      9298	224573.74 ns/op	466.52828 MB/s
Benchmark8to16LE/neon/../unicode_lipsum/lipsum/Russian-Lipsum.utf8.txt	      9453	222080.51 ns/op	471.76584 MB/s
Benchmark8to16LE/ref/../unicode_lipsum/lipsum/Arabic-Lipsum.utf8.txt	     18128	115938.61 ns/op	704.55387 MB/s
Benchmark8to16LE/neon/../unicode_lipsum/lipsum/Arabic-Lipsum.utf8.txt	     12060	173893.76 ns/op	469.74082 MB/s
Benchmark8to16LE/ref/../unicode_lipsum/lipsum/Chinese-Lipsum.utf8.txt	     18067	116240.44 ns/op	600.82361 MB/s
Benchmark8to16LE/neon/../unicode_lipsum/lipsum/Chinese-Lipsum.utf8.txt	     14842	141550.3 ns/op	493.39353 MB/s
Benchmark8to16LE/ref/../unicode_lipsum/lipsum/Emoji-Lipsum.utf8.txt	     21791	96393.788 ns/op	679.94008 MB/s
Benchmark8to16LE/neon/../unicode_lipsum/lipsum/Emoji-Lipsum.utf8.txt	     16382	128239.87 ns/op	511.0891 MB/s
Benchmark8to16LE/ref/../unicode_lipsum/lipsum/Hebrew-Lipsum.utf8.txt	     22234	94582.408 ns/op	703.03771 MB/s
Benchmark8to16LE/neon/../unicode_lipsum/lipsum/Hebrew-Lipsum.utf8.txt	     14774	142313.35 ns/op	467.24357 MB/s
Benchmark8to16LE/ref/../unicode_lipsum/lipsum/Hindi-Lipsum.utf8.txt	     10653	196673.93 ns/op	447.42584 MB/s
Benchmark8to16LE/neon/../unicode_lipsum/lipsum/Hindi-Lipsum.utf8.txt	     10841	193506.68 ns/op	454.74915 MB/s
Benchmark8to16LE/ref/../unicode_lipsum/lipsum/Japanese-Lipsum.utf8.txt	     17409	120731.78 ns/op	561.6417 MB/s
Benchmark8to16LE/neon/../unicode_lipsum/lipsum/Japanese-Lipsum.utf8.txt	     15164	138402.3 ns/op	489.93405 MB/s
Benchmark8to16LE/ref/../unicode_lipsum/lipsum/Korean-Lipsum.utf8.txt	     17613	120766.47 ns/op	551.47757 MB/s
Benchmark8to16LE/neon/../unicode_lipsum/lipsum/Korean-Lipsum.utf8.txt	     14310	146773.32 ns/op	453.76094 MB/s
Benchmark8to16LE/ref/../unicode_lipsum/lipsum/Latin-Lipsum.utf8.txt	     16359	128862.73 ns/op	674.67141 MB/s
Benchmark8to16LE/neon/../unicode_lipsum/lipsum/Latin-Lipsum.utf8.txt	      6737	311720.33 ns/op	278.90385 MB/s
Benchmark8to16LE/ref/../unicode_lipsum/lipsum/Russian-Lipsum.utf8.txt	      9325	224847.23 ns/op	465.96082 MB/s
Benchmark8to16LE/neon/../unicode_lipsum/lipsum/Russian-Lipsum.utf8.txt	      9451	221997.37 ns/op	471.94252 MB/s
