Benchmark8to16LE/ref/../unicode_lipsum/lipsum/Arabic-Lipsum.utf8.txt	     18124	115879.23 ns/op	704.91492 MB/s
Benchmark8to16LE/neon/../unicode_lipsum/lipsum/Arabic-Lipsum.utf8.txt	     12789	164297.11 ns/op	497.17856 MB/s
Benchmark8to16LE/ref/../unicode_lipsum/lipsum/Chinese-Lipsum.utf8.txt	     18120	115929.25 ns/op	602.4364 MB/s
Benchmark8to16LE/neon/../unicode_lipsum/lipsum/Chinese-Lipsum.utf8.txt	     15757	133232.35 ns/op	524.19701 MB/s
Benchmark8to16LE/ref/../unicode_lipsum/lipsum/Emoji-Lipsum.utf8.txt	     21875	96001.529 ns/op	682.7183 MB/s
Benchmark8to16LE/neon/../unicode_lipsum/lipsum/Emoji-Lipsum.utf8.txt	     17919	117223.59 ns/op	559.11954 MB/s
Benchmark8to16LE/ref/../unicode_lipsum/lipsum/Hebrew-Lipsum.utf8.txt	     22277	94317.189 ns/op	705.01465 MB/s
Benchmark8to16LE/neon/../unicode_lipsum/lipsum/Hebrew-Lipsum.utf8.txt	     15650	134153.94 ns/op	495.66194 MB/s
Benchmark8to16LE/ref/../unicode_lipsum/lipsum/Hindi-Lipsum.utf8.txt	     10748	195516.67 ns/op	450.07415 MB/s
Benchmark8to16LE/neon/../unicode_lipsum/lipsum/Hindi-Lipsum.utf8.txt	     11518	182406.17 ns/op	482.42336 MB/s
Benchmark8to16LE/ref/../unicode_lipsum/lipsum/Japanese-Lipsum.utf8.txt	     17490	120095.03 ns/op	564.61952 MB/s
Benchmark8to16LE/neon/../unicode_lipsum/lipsum/Japanese-Lipsum.utf8.txt	     16080	130584.86 ns/op	519.26386 MB/s
Benchmark8to16LE/ref/../unicode_lipsum/lipsum/Korean-Lipsum.utf8.txt	     17648	120107.06 ns/op	554.50528 MB/s
Benchmark8to16LE/neon/../unicode_lipsum/lipsum/Korean-Lipsum.utf8.txt	     15181	138408.1 ns/op	481.18569 MB/s
Benchmark8to16LE/ref/../unicode_lipsum/lipsum/Latin-Lipsum.utf8.txt	     16463	127555.95 ns/op	681.58326 MB/s
Benchmark8to16LE/neon/../unicode_lipsum/lipsum/Latin-Lipsum.utf8.txt	    178004	11825.215 ns/op	7352.0864 MB/s
Benchmark8to16LE/ref/../unicode_lipsum/lipsum/Russian-Lipsum.utf8.txt	      9520	222546.4 ns/op	470.77823 MB/s
Benchmark8to16LE/neon/../unicode_lipsum/lipsum/Russian-Lipsum.utf8.txt	     10010	209774.36 ns/op	499.4414 MB/s
Benchmark8to16LE/ref/../unicode_lipsum/lipsum/Arabic-Lipsum.utf8.txt	     18133	115832.08 ns/op	705.20187 MB/s
Benchmark8to16LE/neon/../unicode_lipsum/lipsum/Arabic-Lipsum.utf8.txt	     12797	164157.92 ns/op	497.60013 MB/s
Benchmark8to16LE/ref/../unicode_lipsum/lipsum/Chinese-Lipsum.utf8.txt	     18114	115907.84 ns/op	602.5477 MB/s
Benchmark8to16LE/neon/../unicode_lipsum/lipsum/Chinese-Lipsum.utf8.txt	     15769	133154.24 ns/op	524.50453 MB/s
Benchmark8to16LE/ref/../unicode_lipsum/lipsum/Emoji-Lipsum.utf8.txt	     21871	96015.49 ns/op	682.61902 MB/s
Benchmark8to16LE/neon/../unicode_lipsum/lipsum/Emoji-Lipsum.utf8.txt	     17909	117594.92 ns/op	557.35402 MB/s
Benchmark8to16LE/ref/../unicode_lipsum/lipsum/Hebrew-Lipsum.utf8.txt	     22277	94371.97 ns/op	704.6054 MB/s
Benchmark8to16LE/neon/../unicode_lipsum/lipsum/Hebrew-Lipsum.utf8.txt	     15652	134131.02 ns/op	495.7466 MB/s
Benchmark8to16LE/ref/../unicode_lipsum/lipsum/Hindi-Lipsum.utf8.txt	     10732	195499.23 ns/op	450.1143 MB/s
Benchmark8to16LE/neon/../unicode_lipsum/lipsum/Hindi-Lipsum.utf8.txt	     11519	182358.64 ns/op	482.54911 MB/s
Benchmark8to16LE/ref/../unicode_lipsum/lipsum/Japanese-Lipsum.utf8.txt	     17493	120062.07 ns/op	564.77453 MB/s
Benchmark8to16LE/neon/../unicode_lipsum/lipsum/Japanese-Lipsum.utf8.txt	     16091	130501.41 ns/op	519.59592 MB/s
Benchmark8to16LE/ref/../unicode_lipsum/lipsum/Korean-Lipsum.utf8.txt	     17509	121077.12 ns/op	550.06263 MB/s
Benchmark8to16LE/neon/../unicode_lipsum/lipsum/Korean-Lipsum.utf8.txt	     15183	138355.18 ns/op	481.36974 MB/s
Benchmark8to16LE/ref/../unicode_lipsum/lipsum/Latin-Lipsum.utf8.txt	     16418	128756.01 ns/op	675.23063 MB/s
Benchmark8to16LE/neon/../unicode_lipsum/lipsum/Latin-Lipsum.utf8.txt	    177971	11813.142 ns/op	7359.6001 MB/s
Benchmark8to16LE/ref/../unicode_lipsum/lipsum/Russian-Lipsum.utf8.txt	      9484	223256 ns/op	469.2819 MB/s
Benchmark8to16LE/neon/../unicode_lipsum/lipsum/Russian-Lipsum.utf8.txt	     10015	209632.29 ns/op	499.77987 MB/s
Benchmark8to16LE/ref/../unicode_lipsum/lipsum/Arabic-Lipsum.utf8.txt	     18130	115860.92 ns/op	705.02635 MB/s
Benchmark8to16LE/neon/../unicode_lipsum/lipsum/Arabic-Lipsum.utf8.txt	     12809	163949.4 ns/op	498.233 MB/s
Benchmark8to16LE/ref/../unicode_lipsum/lipsum/Chinese-Lipsum.utf8.txt	     18120	115884.92 ns/op	602.66684 MB/s
Benchmark8to16LE/neon/../unicode_lipsum/lipsum/Chinese-Lipsum.utf8.txt	     15763	133155.26 ns/op	524.50051 MB/s
Benchmark8to16LE/ref/../unicode_lipsum/lipsum/Emoji-Lipsum.utf8.txt	     21868	96010.785 ns/op	682.65247 MB/s
Benchmark8to16LE/neon/../unicode_lipsum/lipsum/Emoji-Lipsum.utf8.txt	     17917	117188.45 ns/op	559.2872 MB/s
Benchmark8to16LE/ref/../unicode_lipsum/lipsum/Hebrew-Lipsum.utf8.txt	     22253	94360.604 ns/op	704.69028 MB/s
Benchmark8to16LE/neon/../unicode_lipsum/lipsum/Hebrew-Lipsum.utf8.txt	     15669	133966.89 ns/op	496.35399 MB/s
Benchmark8to16LE/ref/../unicode_lipsum/lipsum/Hindi-Lipsum.utf8.txt	     10751	195337.41 ns/op	450.4872 MB/s
Benchmark8to16LE/neon/../unicode_lipsum/lipsum/Hindi-Lipsum.utf8.txt	     11517	182382.65 ns/op	482.4856 MB/s
Benchmark8to16LE/ref/../unicode_lipsum/lipsum/Japanese-Lipsum.utf8.txt	     17453	120113.33 ns/op	564.53351 MB/s
Benchmark8to16LE/neon/../unicode_lipsum/lipsum/Japanese-Lipsum.utf8.txt	     16085	130532.21 ns/op	519.4733 MB/s
Benchmark8to16LE/ref/../unicode_lipsum/lipsum/Korean-Lipsum.utf8.txt	     17615	118748.35 ns/op	560.84988 MB/s
Benchmark8to16LE/neon/../unicode_lipsum/lipsum/Korean-Lipsum.utf8.txt	     15187	138289.94 ns/op	481.59685 MB/s
Benchmark8to16LE/ref/../unicode_lipsum/lipsum/Latin-Lipsum.utf8.txt	     16363	130132.76 ns/op	668.08698 MB/s
Benchmark8to16LE/neon/../unicode_lipsum/lipsum/Latin-Lipsum.utf8.txt	    178110	11824.548 ns/op	7352.501 MB/s
Benchmark8to16LE/ref/../unicode_lipsum/lipsum/Russian-Lipsum.utf8.txt	      9343	222879.51 ns/op	470.07462 MB/s
Benchmark8to16LE/neon/../unicode_lipsum/lipsum/Russian-Lipsum.utf8.txt	     10025	209481.86 ns/op	500.13876 MB/s
Benchmark8to16LE/ref/../unicode_lipsum/lipsum/Arabic-Lipsum.utf8.txt	     18120	115963.15 ns/op	704.40482 MB/s
Benchmark8to16LE/neon/../unicode_lipsum/lipsum/Arabic-Lipsum.utf8.txt	     12810	163964.03 ns/op	498.18852 MB/s
Benchmark8to16LE/ref/../unicode_lipsum/lipsum/Chinese-Lipsum.utf8.txt	     18120	115892.12 ns/op	602.62941 MB/s
Benchmark8to16LE/neon/../unicode_lipsum/lipsum/Chinese-Lipsum.utf8.txt	     15769	133137.31 ns/op	524.57122 MB/s
Benchmark8to16LE/ref/../unicode_lipsum/lipsum/Emoji-Lipsum.utf8.txt	     21872	96013.803 ns/op	682.63101 MB/s
Benchmark8to16LE/neon/../unicode_lipsum/lipsum/Emoji-Lipsum.utf8.txt	     17909	117250.12 ns/op	558.99302 MB/s
Benchmark8to16LE/ref/../unicode_lipsum/lipsum/Hebrew-Lipsum.utf8.txt	     22224	94452.488 ns/op	704.00475 MB/s
Benchmark8to16LE/neon/../unicode_lipsum/lipsum/Hebrew-Lipsum.utf8.txt	     15676	133958.31 ns/op	496.38579 MB/s
Benchmark8to16LE/ref/../unicode_lipsum/lipsum/Hindi-Lipsum.utf8.txt	     10749	195795.48 ns/op	449.43325 MB/s
Benchmark8to16LE/neon/../unicode_lipsum/lipsum/Hindi-Lipsum.utf8.txt	     11497	182722.85 ns/op	481.58727 MB/s
Benchmark8to16LE/ref/../unicode_lipsum/lipsum/Japanese-Lipsum.utf8.txt	     17461	120375.14 ns/op	563.3057 MB/s
Benchmark8to16LE/neon/../unicode_lipsum/lipsum/Japanese-Lipsum.utf8.txt	     16084	130542.1 ns/op	519.43397 MB/s
Benchmark8to16LE/ref/../unicode_lipsum/lipsum/Korean-Lipsum.utf8.txt	     17654	120370.4 ns/op	553.29218 MB/s
Benchmark8to16LE/neon/../unicode_lipsum/lipsum/Korean-Lipsum.utf8.txt	     15184	138316.77 ns/op	481.50343 MB/s
Benchmark8to16LE/ref/../unicode_lipsum/lipsum/Latin-Lipsum.utf8.txt	     16592	126631.1 ns/op	686.56121 MB/s
Benchmark8to16LE/neon/../unicode_lipsum/lipsum/Latin-Lipsum.utf8.txt	    178182	11806.579 ns/op	7363.6911 MB/s
Benchmark8to16LE/ref/../unicode_lipsum/lipsum/Russian-Lipsum.utf8.txt	      9420	221415.7 ns/op	473.18235 MB/s
Benchmark8to16LE/neon/../unicode_lipsum/lipsum/Russian-Lipsum.utf8.txt	     10027	209481 ns/op	500.14082 MB/s
Benchmark8to16LE/ref/../unicode_lipsum/lipsum/Arabic-Lipsum.utf8.txt	     18129	115814.49 ns/op	705.30897 MB/s
Benchmark8to16LE/neon/../unicode_lipsum/lipsum/Arabic-Lipsum.utf8.txt	     12801	164181.46 ns/op	497.52877 MB/s
Benchmark8to16LE/ref/../unicode_lipsum/lipsum/Chinese-Lipsum.utf8.txt	     18112	115881.01 ns/op	602.68717 MB/s
Benchmark8to16LE/neon/../unicode_lipsum/lipsum/Chinese-Lipsum.utf8.txt	     15767	133150.1 ns/op	524.52083 MB/s
Benchmark8to16LE/ref/../unicode_lipsum/lipsum/Emoji-Lipsum.utf8.txt	     21875	96016.61 ns/op	682.61106 MB/s
Benchmark8to16LE/neon/../unicode_lipsum/lipsum/Emoji-Lipsum.utf8.txt	     17918	117202.13 ns/op	559.22191 MB/s
Benchmark8to16LE/ref/../unicode_lipsum/lipsum/Hebrew-Lipsum.utf8.txt	     22248	94316.97 ns/op	705.01628 MB/s
Benchmark8to16LE/neon/../unicode_lipsum/lipsum/Hebrew-Lipsum.utf8.txt	     15654	134118.67 ns/op	495.79227 MB/s
Benchmark8to16LE/ref/../unicode_lipsum/lipsum/Hindi-Lipsum.utf8.txt	     10754	195552.52 ns/op	449.99164 MB/s
Benchmark8to16LE/neon/../unicode_lipsum/lipsum/Hindi-Lipsum.utf8.txt	     11511	182488.16 ns/op	482.20662 MB/s
Benchmark8to16LE/ref/../unicode_lipsum/lipsum/Japanese-Lipsum.utf8.txt	     17498	120050.53 ns/op	564.82883 MB/s
Benchmark8to16LE/neon/../unicode_lipsum/lipsum/Japanese-Lipsum.utf8.txt	     16088	130515.01 ns/op	519.54177 MB/s
Benchmark8to16LE/ref/../unicode_lipsum/lipsum/Korean-Lipsum.utf8.txt	     17468	118781.34 ns/op	560.69411 MB/s
Benchmark8to16LE/neon/../unicode_lipsum/lipsum/Korean-Lipsum.utf8.txt	     15184	138363.48 ns/op	481.34087 MB/s
Benchmark8to16LE/ref/../unicode_lipsum/lipsum/Latin-Lipsum.utf8.txt	     16573	126641.94 ns/op	686.50245 MB/s
Benchmark8to16LE/neon/../unicode_lipsum/lipsum/Latin-Lipsum.utf8.txt	    178205	11829.3 ns/op	7349.5471 MB/s
Benchmark8to16LE/ref/../unicode_lipsum/lipsum/Russian-Lipsum.utf8.txt	      9383	225045.12 ns/op	465.55108 MB/s
Benchmark8to16LE/neon/../unicode_lipsum/lipsum/Russian-Lipsum.utf8.txt	     10011	209665.05 ns/op	499.70178 MB/s
Benchmark8to16LE/ref/../unicode_lipsum/lipsum/Arabic-Lipsum.utf8.txt	     18111	116009.21 ns/op	704.12513 MB/s
Benchmark8to16LE/neon/../unicode_lipsum/lipsum/Arabic-Lipsum.utf8.txt	     12796	164129.71 ns/op	497.68563 MB/s
Benchmark8to16LE/ref/../unicode_lipsum/lipsum/Chinese-Lipsum.utf8.txt	     18127	115913.92 ns/op	602.51606 MB/s
Benchmark8to16LE/neon/../unicode_lipsum/lipsum/Chinese-Lipsum.utf8.txt	     15753	133259.91 ns/op	524.0886 MB/s
Benchmark8to16LE/ref/../unicode_lipsum/lipsum/Emoji-Lipsum.utf8.txt	     21873	96006.58 ns/op	682.68237 MB/s
Benchmark8to16LE/neon/../unicode_lipsum/lipsum/Emoji-Lipsum.utf8.txt	     17917	117265.05 ns/op	558.92184 MB/s
Benchmark8to16LE/ref/../unicode_lipsum/lipsum/Hebrew-Lipsum.utf8.txt	     22246	94377.503 ns/op	704.5641 MB/s
Benchmark8to16LE/neon/../unicode_lipsum/lipsum/Hebrew-Lipsum.utf8.txt	     15662	134049.34 ns/op	496.04868 MB/s
Benchmark8to16LE/ref/../unicode_lipsum/lipsum/Hindi-Lipsum.utf8.txt	     10748	195526.76 ns/op	450.05093 MB/s
Benchmark8to16LE/neon/../unicode_lipsum/lipsum/Hindi-Lipsum.utf8.txt	     11499	182609.93 ns/op	481.88507 MB/s
Benchmark8to16LE/ref/../unicode_lipsum/lipsum/Japanese-Lipsum.utf8.txt	     17501	120127.06 ns/op	564.46898 MB/s
Benchmark8to16LE/neon/../unicode_lipsum/lipsum/Japanese-Lipsum.utf8.txt	     16068	130657.64 ns/op	518.97461 MB/s
Benchmark8to16LE/ref/../unicode_lipsum/lipsum/Korean-Lipsum.utf8.txt	     17577	119097.97 ns/op	559.20346 MB/s
Benchmark8to16LE/neon/../unicode_lipsum/lipsum/Korean-Lipsum.utf8.txt	     15165	138622.06 ns/op	480.44301 MB/s
Benchmark8to16LE/ref/../unicode_lipsum/lipsum/Latin-Lipsum.utf8.txt	     16370	130108.86 ns/op	668.20968 MB/s
Benchmark8to16LE/neon/../unicode_lipsum/lipsum/Latin-Lipsum.utf8.txt	    178233	11823.48 ns/op	7353.1648 MB/s
Benchmark8to16LE/ref/../unicode_lipsum/lipsum/Russian-Lipsum.utf8.txt	      9375	220312.71 ns/op	475.55133 MB/s
Benchmark8to16LE/neon/../unicode_lipsum/lipsum/Russian-Lipsum.utf8.txt	     10014	209798.23 ns/op	499.38459 MB/s
Benchmark8to16LE/ref/../unicode_lipsum/lipsum/Arabic-Lipsum.utf8.txt	     18134	115853.7 ns/op	705.07028 MB/s
Benchmark8to16LE/neon/../unicode_lipsum/lipsum/Arabic-Lipsum.utf8.txt	     12787	164070.13 ns/op	497.86637 MB/s
Benchmark8to16LE/ref/../unicode_lipsum/lipsum/Chinese-Lipsum.utf8.txt	     18125	115889.3 ns/op	602.6441 MB/s
Benchmark8to16LE/neon/../unicode_lipsum/lipsum/Chinese-Lipsum.utf8.txt	     15769	133136.51 ns/op	524.57437 MB/s
Benchmark8to16LE/ref/../unicode_lipsum/lipsum/Emoji-Lipsum.utf8.txt	     21874	96015.163 ns/op	682.62135 MB/s
Benchmark8to16LE/neon/../unicode_lipsum/lipsum/Emoji-Lipsum.utf8.txt	     17918	117203.59 ns/op	559.21494 MB/s
Benchmark8to16LE/ref/../unicode_lipsum/lipsum/Hebrew-Lipsum.utf8.txt	     22264	94340.062 ns/op	704.84372 MB/s
Benchmark8to16LE/neon/../unicode_lipsum/lipsum/Hebrew-Lipsum.utf8.txt	     15667	134130.36 ns/op	495.74906 MB/s
Benchmark8to16LE/ref/../unicode_lipsum/lipsum/Hindi-Lipsum.utf8.txt	     10740	195825.67 ns/op	449.36398 MB/s
Benchmark8to16LE/neon/../unicode_lipsum/lipsum/Hindi-Lipsum.utf8.txt	     11411	182963.01 ns/op	480.95513 MB/s
Benchmark8to16LE/ref/../unicode_lipsum/lipsum/Japanese-Lipsum.utf8.txt	     17497	120005.09 ns/op	565.04271 MB/s
Benchmark8to16LE/neon/../unicode_lipsum/lipsum/Japanese-Lipsum.utf8.txt	     16075	130605.24 ns/op	519.18285 MB/s
Benchmark8to16LE/ref/../unicode_lipsum/lipsum/Korean-Lipsum.utf8.txt	     17794	118861.68 ns/op	560.31513 MB/s
Benchmark8to16LE/neon/../unicode_lipsum/lipsum/Korean-Lipsum.utf8.txt	     15143	138719.72 ns/op	480.10479 MB/s
Benchmark8to16LE/ref/../unicode_lipsum/lipsum/Latin-Lipsum.utf8.txt	     16242	129278.23 ns/op	672.50301 MB/s
Benchmark8to16LE/neon/../unicode_lipsum/lipsum/Latin-Lipsum.utf8.txt	    178601	11802.514 ns/op	7366.2271 MB/s
Benchmark8to16LE/ref/../unicode_lipsum/lipsum/Russian-Lipsum.utf8.txt	      9500	220289.73 ns/op	475.60094 MB/s
Benchmark8to16LE/neon/../unicode_lipsum/lipsum/Russian-Lipsum.utf8.txt	     10023	209667.02 ns/op	499.6971 MB/s
Benchmark8to16LE/ref/../unicode_lipsum/lipsum/Arabic-Lipsum.utf8.txt	     18113	115807.14 ns/op	705.35376 MB/s
Benchmark8to16LE/neon/../unicode_lipsum/lipsum/Arabic-Lipsum.utf8.txt	     12803	164008.33 ns/op	498.05397 MB/s
Benchmark8to16LE/ref/../unicode_lipsum/lipsum/Chinese-Lipsum.utf8.txt	     18126	115845.93 ns/op	602.86967 MB/s
Benchmark8to16LE/neon/../unicode_lipsum/lipsum/Chinese-Lipsum.utf8.txt	     15766	133165.63 ns/op	524.45965 MB/s
Benchmark8to16LE/ref/../unicode_lipsum/lipsum/Emoji-Lipsum.utf8.txt	     21875	96016.54 ns/op	682.61155 MB/s
Benchmark8to16LE/neon/../unicode_lipsum/lipsum/Emoji-Lipsum.utf8.txt	     17942	117048.78 ns/op	559.95459 MB/s
Benchmark8to16LE/ref/../unicode_lipsum/lipsum/Hebrew-Lipsum.utf8.txt	     22241	94359.24 ns/op	704.70046 MB/s
Benchmark8to16LE/neon/../unicode_lipsum/lipsum/Hebrew-Lipsum.utf8.txt	     15675	133956.82 ns/op	496.39128 MB/s
Benchmark8to16LE/ref/../unicode_lipsum/lipsum/Hindi-Lipsum.utf8.txt	     10763	195712.78 ns/op	449.62316 MB/s
Benchmark8to16LE/neon/../unicode_lipsum/lipsum/Hindi-Lipsum.utf8.txt	     11503	182779.17 ns/op	481.4389 MB/s
Benchmark8to16LE/ref/../unicode_lipsum/lipsum/Japanese-Lipsum.utf8.txt	     17495	120084.61 ns/op	564.66854 MB/s
Benchmark8to16LE/neon/../unicode_lipsum/lipsum/Japanese-Lipsum.utf8.txt	     16081	130546.69 ns/op	519.4157 MB/s
Benchmark8to16LE/ref/../unicode_lipsum/lipsum/Korean-Lipsum.utf8.txt	     17517	119670.49 ns/op	556.52817 MB/s
Benchmark8to16LE/neon/../unicode_lipsum/lipsum/Korean-Lipsum.utf8.txt	     15173	138304.88 ns/op	481.54484 MB/s
Benchmark8to16LE/ref/../unicode_lipsum/lipsum/Latin-Lipsum.utf8.txt	     16548	126704.78 ns/op	686.16193 MB/s
Benchmark8to16LE/neon/../unicode_lipsum/lipsum/Latin-Lipsum.utf8.txt	    178166	11826.73 ns/op	7351.1445 MB/s
Benchmark8to16LE/ref/../unicode_lipsum/lipsum/Russian-Lipsum.utf8.txt	      9408	225879.19 ns/op	463.83202 MB/s
Benchmark8to16LE/neon/../unicode_lipsum/lipsum/Russian-Lipsum.utf8.txt	     10024	209633.62 ns/op	499.7767 MB/s
Benchmark8to16LE/ref/../unicode_lipsum/lipsum/Arabic-Lipsum.utf8.txt	     18135	115770.34 ns/op	705.57796 MB/s
Benchmark8to16LE/neon/../unicode_lipsum/lipsum/Arabic-Lipsum.utf8.txt	     12796	164120 ns/op	497.71508 MB/s
Benchmark8to16LE/ref/../unicode_lipsum/lipsum/Chinese-Lipsum.utf8.txt	     18124	115892.6 ns/op	602.62689 MB/s
Benchmark8to16LE/neon/../unicode_lipsum/lipsum/Chinese-Lipsum.utf8.txt	     15765	133210.6 ns/op	524.28262 MB/s
Benchmark8to16LE/ref/../unicode_lipsum/lipsum/Emoji-Lipsum.utf8.txt	     21867	96008.464 ns/op	682.66898 MB/s
Benchmark8to16LE/neon/../unicode_lipsum/lipsum/Emoji-Lipsum.utf8.txt	     17915	117223.46 ns/op	559.12016 MB/s
Benchmark8to16LE/ref/../unicode_lipsum/lipsum/Hebrew-Lipsum.utf8.txt	     22207	94558.088 ns/op	703.21853 MB/s
Benchmark8to16LE/neon/../unicode_lipsum/lipsum/Hebrew-Lipsum.utf8.txt	     15660	134003.51 ns/op	496.21836 MB/s
Benchmark8to16LE/ref/../unicode_lipsum/lipsum/Hindi-Lipsum.utf8.txt	     10743	195379.26 ns/op	450.39068 MB/s
Benchmark8to16LE/neon/../unicode_lipsum/lipsum/Hindi-Lipsum.utf8.txt	     11516	182326.23 ns/op	482.63488 MB/s
Benchmark8to16LE/ref/../unicode_lipsum/lipsum/Japanese-Lipsum.utf8.txt	     17480	120090.73 ns/op	564.63973 MB/s
Benchmark8to16LE/neon/../unicode_lipsum/lipsum/Japanese-Lipsum.utf8.txt	     16085	130558.87 ns/op	519.36725 MB/s
Benchmark8to16LE/ref/../unicode_lipsum/lipsum/Korean-Lipsum.utf8.txt	     17699	118757.99 ns/op	560.80437 MB/s
Benchmark8to16LE/neon/../unicode_lipsum/lipsum/Korean-Lipsum.utf8.txt	     15190	138372.89 ns/op	481.30814 MB/s
Benchmark8to16LE/ref/../unicode_lipsum/lipsum/Latin-Lipsum.utf8.txt	     16141	130124.33 ns/op	668.13022 MB/s
Benchmark8to16LE/neon/../unicode_lipsum/lipsum/Latin-Lipsum.utf8.txt	    178041	11841.557 ns/op	7341.9397 MB/s
Benchmark8to16LE/ref/../unicode_lipsum/lipsum/Russian-Lipsum.utf8.txt	      9451	220786.94 ns/op	474.52987 MB/s
Benchmark8to16LE/neon/../unicode_lipsum/lipsum/Russian-Lipsum.utf8.txt	     10017	209569.86 ns/op	499.92877 MB/s
Benchmark8to16LE/ref/../unicode_lipsum/lipsum/Arabic-Lipsum.utf8.txt	     18115	115960.5 ns/op	704.42093 MB/s
Benchmark8to16LE/neon/../unicode_lipsum/lipsum/Arabic-Lipsum.utf8.txt	     12799	164119.93 ns/op	497.71531 MB/s
Benchmark8to16LE/ref/../unicode_lipsum/lipsum/Chinese-Lipsum.utf8.txt	     18133	115894.66 ns/op	602.6162 MB/s
Benchmark8to16LE/neon/../unicode_lipsum/lipsum/Chinese-Lipsum.utf8.txt	     15758	133299.02 ns/op	523.93485 MB/s
Benchmark8to16LE/ref/../unicode_lipsum/lipsum/Emoji-Lipsum.utf8.txt	     21871	96017.236 ns/op	682.60661 MB/s
Benchmark8to16LE/neon/../unicode_lipsum/lipsum/Emoji-Lipsum.utf8.txt	     17913	117243.52 ns/op	559.02448 MB/s
Benchmark8to16LE/ref/../unicode_lipsum/lipsum/Hebrew-Lipsum.utf8.txt	     22224	94385.426 ns/op	704.50495 MB/s
Benchmark8to16LE/neon/../unicode_lipsum/lipsum/Hebrew-Lipsum.utf8.txt	     15649	134232.59 ns/op	495.37151 MB/s
Benchmark8to16LE/ref/../unicode_lipsum/lipsum/Hindi-Lipsum.utf8.txt	     10733	195717.47 ns/op	449.61239 MB/s
Benchmark8to16LE/neon/../unicode_lipsum/lipsum/Hindi-Lipsum.utf8.txt	     11517	182410.96 ns/op	482.41072 MB/s
Benchmark8to16LE/ref/../unicode_lipsum/lipsum/Japanese-Lipsum.utf8.txt	     17478	120134.54 ns/op	564.43382 MB/s
Benchmark8to16LE/neon/../unicode_lipsum/lipsum/Japanese-Lipsum.utf8.txt	     16080	130559.06 ns/op	519.3665 MB/s
Benchmark8to16LE/ref/../unicode_lipsum/lipsum/Korean-Lipsum.utf8.txt	     17617	118879.39 ns/op	560.23167 MB/s
Benchmark8to16LE/neon/../unicode_lipsum/lipsum/Korean-Lipsum.utf8.txt	     15171	138369.71 ns/op	481.3192 MB/s
Benchmark8to16LE/ref/../unicode_lipsum/lipsum/Latin-Lipsum.utf8.txt	     16530	129039.74 ns/op	673.74596 MB/s
Benchmark8to16LE/neon/../unicode_lipsum/lipsum/Latin-Lipsum.utf8.txt	    178191	11843.619 ns/op	7340.6615 MB/s
Benchmark8to16LE/ref/../unicode_lipsum/lipsum/Russian-Lipsum.utf8.txt	      9428	222590.08 ns/op	470.68585 MB/s
Benchmark8to16LE/neon/../unicode_lipsum/lipsum/Russian-Lipsum.utf8.txt	     10019	209660.69 ns/op	499.71217 MB/s
