Benchmark8to16LE/ref/../unicode_lipsum/lipsum/Arabic-Lipsum.utf8.txt	     18104	115948.33 ns/op	704.49486 MB/s
Benchmark8to16LE/neon/../unicode_lipsum/lipsum/Arabic-Lipsum.utf8.txt	     12587	166783.49 ns/op	489.7667 MB/s
Benchmark8to16LE/ref/../unicode_lipsum/lipsum/Chinese-Lipsum.utf8.txt	     18111	115947.77 ns/op	602.34019 MB/s
Benchmark8to16LE/neon/../unicode_lipsum/lipsum/Chinese-Lipsum.utf8.txt	     15386	136283.79 ns/op	512.46008 MB/s
Benchmark8to16LE/ref/../unicode_lipsum/lipsum/Emoji-Lipsum.utf8.txt	     21997	95468.883 ns/op	686.52736 MB/s
Benchmark8to16LE/neon/../unicode_lipsum/lipsum/Emoji-Lipsum.utf8.txt	     16886	124355.39 ns/op	527.05396 MB/s
Benchmark8to16LE/ref/../unicode_lipsum/lipsum/Hebrew-Lipsum.utf8.txt	     22139	94706.302 ns/op	702.11801 MB/s
Benchmark8to16LE/neon/../unicode_lipsum/lipsum/Hebrew-Lipsum.utf8.txt	     15417	135958.69 ns/op	489.08239 MB/s
Benchmark8to16LE/ref/../unicode_lipsum/lipsum/Hindi-Lipsum.utf8.txt	     10704	196520.37 ns/op	447.77546 MB/s
Benchmark8to16LE/neon/../unicode_lipsum/lipsum/Hindi-Lipsum.utf8.txt	     11174	187203.43 ns/op	470.06084 MB/s
Benchmark8to16LE/ref/../unicode_lipsum/lipsum/Japanese-Lipsum.utf8.txt	     17491	120064.88 ns/op	564.76133 MB/s
Benchmark8to16LE/neon/../unicode_lipsum/lipsum/Japanese-Lipsum.utf8.txt	     15862	132418.03 ns/op	512.07528 MB/s
Benchmark8to16LE/ref/../unicode_lipsum/lipsum/Korean-Lipsum.utf8.txt	     17034	123000.06 ns/op	541.46314 MB/s
Benchmark8to16LE/neon/../unicode_lipsum/lipsum/Korean-Lipsum.utf8.txt	     14936	141748.8 ns/op	469.84525 MB/s
Benchmark8to16LE/ref/../unicode_lipsum/lipsum/Latin-Lipsum.utf8.txt	     16586	128642.86 ns/op	675.82455 MB/s
Benchmark8to16LE/neon/../unicode_lipsum/lipsum/Latin-Lipsum.utf8.txt	      6962	301659.55 ns/op	288.20569 MB/s
Benchmark8to16LE/ref/../unicode_lipsum/lipsum/Russian-Lipsum.utf8.txt	      8922	232831.39 ns/op	449.98228 MB/s
Benchmark8to16LE/neon/../unicode_lipsum/lipsum/Russian-Lipsum.utf8.txt	      9758	213423.83 ns/op	490.90113 MB/s
Benchmark8to16LE/ref/../unicode_lipsum/lipsum/Arabic-Lipsum.utf8.txt	     18018	116427.47 ns/op	701.59559 MB/s
Benchmark8to16LE/neon/../unicode_lipsum/lipsum/Arabic-Lipsum.utf8.txt	     12446	168789.64 ns/op	483.94558 MB/s
Benchmark8to16LE/ref/../unicode_lipsum/lipsum/Chinese-Lipsum.utf8.txt	     18111	116008.51 ns/op	602.02479 MB/s
Benchmark8to16LE/neon/../unicode_lipsum/lipsum/Chinese-Lipsum.utf8.txt	     15435	136211.32 ns/op	512.7327 MB/s
Benchmark8to16LE/ref/../unicode_lipsum/lipsum/Emoji-Lipsum.utf8.txt	     21992	95476.456 ns/op	686.4729 MB/s
Benchmark8to16LE/neon/../unicode_lipsum/lipsum/Emoji-Lipsum.utf8.txt	     16890	124335.64 ns/op	527.13767 MB/s
Benchmark8to16LE/ref/../unicode_lipsum/lipsum/Hebrew-Lipsum.utf8.txt	     22174	94559.601 ns/op	703.20729 MB/s
Benchmark8to16LE/neon/../unicode_lipsum/lipsum/Hebrew-Lipsum.utf8.txt	     15387	138057.76 ns/op	481.64622 MB/s
Benchmark8to16LE/ref/../unicode_lipsum/lipsum/Hindi-Lipsum.utf8.txt	     10709	195859.09 ns/op	449.2873 MB/s
Benchmark8to16LE/neon/../unicode_lipsum/lipsum/Hindi-Lipsum.utf8.txt	     11111	188492.82 ns/op	466.84536 MB/s
Benchmark8to16LE/ref/../unicode_lipsum/lipsum/Japanese-Lipsum.utf8.txt	     17484	120046.62 ns/op	564.84721 MB/s
Benchmark8to16LE/neon/../unicode_lipsum/lipsum/Japanese-Lipsum.utf8.txt	     15546	133157.01 ns/op	509.23342 MB/s
Benchmark8to16LE/ref/../unicode_lipsum/lipsum/Korean-Lipsum.utf8.txt	     16951	124629.99 ns/op	534.38181 MB/s
Benchmark8to16LE/neon/../unicode_lipsum/lipsum/Korean-Lipsum.utf8.txt	     14675	142780.63 ns/op	466.44984 MB/s
Benchmark8to16LE/ref/../unicode_lipsum/lipsum/Latin-Lipsum.utf8.txt	     16410	129163.4 ns/op	673.10089 MB/s
Benchmark8to16LE/neon/../unicode_lipsum/lipsum/Latin-Lipsum.utf8.txt	      6924	300955.55 ns/op	288.87987 MB/s
Benchmark8to16LE/ref/../unicode_lipsum/lipsum/Russian-Lipsum.utf8.txt	      9503	217034.91 ns/op	482.73341 MB/s
Benchmark8to16LE/neon/../unicode_lipsum/lipsum/Russian-Lipsum.utf8.txt	      9882	212539.76 ns/op	492.94307 MB/s
Benchmark8to16LE/ref/../unicode_lipsum/lipsum/Arabic-Lipsum.utf8.txt	     18030	116420.28 ns/op	701.63892 MB/s
Benchmark8to16LE/neon/../unicode_lipsum/lipsum/Arabic-Lipsum.utf8.txt	     12448	168257.74 ns/op	485.47543 MB/s
Benchmark8to16LE/ref/../unicode_lipsum/lipsum/Chinese-Lipsum.utf8.txt	     18114	115953.44 ns/op	602.31072 MB/s
Benchmark8to16LE/neon/../unicode_lipsum/lipsum/Chinese-Lipsum.utf8.txt	     15483	135652 ns/op	514.84683 MB/s
Benchmark8to16LE/ref/../unicode_lipsum/lipsum/Emoji-Lipsum.utf8.txt	     21992	95500.478 ns/op	686.30023 MB/s
Benchmark8to16LE/neon/../unicode_lipsum/lipsum/Emoji-Lipsum.utf8.txt	     16889	124326.05 ns/op	527.17834 MB/s
Benchmark8to16LE/ref/../unicode_lipsum/lipsum/Hebrew-Lipsum.utf8.txt	     22145	94828.286 ns/op	701.21482 MB/s
Benchmark8to16LE/neon/../unicode_lipsum/lipsum/Hebrew-Lipsum.utf8.txt	     15284	136772.4 ns/op	486.17266 MB/s
Benchmark8to16LE/ref/../unicode_lipsum/lipsum/Hindi-Lipsum.utf8.txt	     10709	196299.43 ns/op	448.27945 MB/s
Benchmark8to16LE/neon/../unicode_lipsum/lipsum/Hindi-Lipsum.utf8.txt	     11171	187678.55 ns/op	468.87083 MB/s
Benchmark8to16LE/ref/../unicode_lipsum/lipsum/Japanese-Lipsum.utf8.txt	     17470	119983.03 ns/op	565.1466 MB/s
Benchmark8to16LE/neon/../unicode_lipsum/lipsum/Japanese-Lipsum.utf8.txt	     15540	135084.99 ns/op	501.96547 MB/s
Benchmark8to16LE/ref/../unicode_lipsum/lipsum/Korean-Lipsum.utf8.txt	     17075	122326.8 ns/op	544.44326 MB/s
Benchmark8to16LE/neon/../unicode_lipsum/lipsum/Korean-Lipsum.utf8.txt	     14884	141731.84 ns/op	469.90146 MB/s
Benchmark8to16LE/ref/../unicode_lipsum/lipsum/Latin-Lipsum.utf8.txt	     16198	129972.87 ns/op	668.90885 MB/s
Benchmark8to16LE/neon/../unicode_lipsum/lipsum/Latin-Lipsum.utf8.txt	      6963	301842.71 ns/op	288.03081 MB/s
Benchmark8to16LE/ref/../unicode_lipsum/lipsum/Russian-Lipsum.utf8.txt	      9080	224953.71 ns/op	465.74026 MB/s
Benchmark8to16LE/neon/../unicode_lipsum/lipsum/Russian-Lipsum.utf8.txt	      9816	214144.42 ns/op	489.24926 MB/s
Benchmark8to16LE/ref/../unicode_lipsum/lipsum/Arabic-Lipsum.utf8.txt	     18083	116091.16 ns/op	703.62809 MB/s
Benchmark8to16LE/neon/../unicode_lipsum/lipsum/Arabic-Lipsum.utf8.txt	     12546	167091.42 ns/op	488.86413 MB/s
Benchmark8to16LE/ref/../unicode_lipsum/lipsum/Chinese-Lipsum.utf8.txt	     18109	115976.71 ns/op	602.18989 MB/s
Benchmark8to16LE/neon/../unicode_lipsum/lipsum/Chinese-Lipsum.utf8.txt	     15398	136401.68 ns/op	512.01715 MB/s
Benchmark8to16LE/ref/../unicode_lipsum/lipsum/Emoji-Lipsum.utf8.txt	     21991	95493.305 ns/op	686.35178 MB/s
Benchmark8to16LE/neon/../unicode_lipsum/lipsum/Emoji-Lipsum.utf8.txt	     16888	124323.87 ns/op	527.18757 MB/s
Benchmark8to16LE/ref/../unicode_lipsum/lipsum/Hebrew-Lipsum.utf8.txt	     22167	94885.051 ns/op	700.79532 MB/s
Benchmark8to16LE/neon/../unicode_lipsum/lipsum/Hebrew-Lipsum.utf8.txt	     15276	136664.18 ns/op	486.55763 MB/s
Benchmark8to16LE/ref/../unicode_lipsum/lipsum/Hindi-Lipsum.utf8.txt	     10705	196442.25 ns/op	447.95353 MB/s
Benchmark8to16LE/neon/../unicode_lipsum/lipsum/Hindi-Lipsum.utf8.txt	     11176	186083.3 ns/op	472.89036 MB/s
Benchmark8to16LE/ref/../unicode_lipsum/lipsum/Japanese-Lipsum.utf8.txt	     17492	120121.45 ns/op	564.49533 MB/s
Benchmark8to16LE/neon/../unicode_lipsum/lipsum/Japanese-Lipsum.utf8.txt	     15582	135092.2 ns/op	501.93867 MB/s
Benchmark8to16LE/ref/../unicode_lipsum/lipsum/Korean-Lipsum.utf8.txt	     16831	124852.41 ns/op	533.42984 MB/s
Benchmark8to16LE/neon/../unicode_lipsum/lipsum/Korean-Lipsum.utf8.txt	     14939	142405.91 ns/op	467.67721 MB/s
Benchmark8to16LE/ref/../unicode_lipsum/lipsum/Latin-Lipsum.utf8.txt	     16231	129896.76 ns/op	669.30074 MB/s
Benchmark8to16LE/neon/../unicode_lipsum/lipsum/Latin-Lipsum.utf8.txt	      6871	305165.38 ns/op	284.89471 MB/s
Benchmark8to16LE/ref/../unicode_lipsum/lipsum/Russian-Lipsum.utf8.txt	      9671	216604.68 ns/op	483.69223 MB/s
Benchmark8to16LE/neon/../unicode_lipsum/lipsum/Russian-Lipsum.utf8.txt	      9780	214736.71 ns/op	487.8998 MB/s
Benchmark8to16LE/ref/../unicode_lipsum/lipsum/Arabic-Lipsum.utf8.txt	     18035	116189.81 ns/op	703.03065 MB/s
Benchmark8to16LE/neon/../unicode_lipsum/lipsum/Arabic-Lipsum.utf8.txt	     12498	166235.47 ns/op	491.3813 MB/s
Benchmark8to16LE/ref/../unicode_lipsum/lipsum/Chinese-Lipsum.utf8.txt	     18104	115992.84 ns/op	602.10613 MB/s
Benchmark8to16LE/neon/../unicode_lipsum/lipsum/Chinese-Lipsum.utf8.txt	     15461	136587.55 ns/op	511.3204 MB/s
Benchmark8to16LE/ref/../unicode_lipsum/lipsum/Emoji-Lipsum.utf8.txt	     21987	95500.578 ns/op	686.29951 MB/s
Benchmark8to16LE/neon/../unicode_lipsum/lipsum/Emoji-Lipsum.utf8.txt	     16889	124335.85 ns/op	527.13679 MB/s
Benchmark8to16LE/ref/../unicode_lipsum/lipsum/Hebrew-Lipsum.utf8.txt	     22138	95012.874 ns/op	699.85253 MB/s
Benchmark8to16LE/neon/../unicode_lipsum/lipsum/Hebrew-Lipsum.utf8.txt	     15400	136296.36 ns/op	487.87069 MB/s
Benchmark8to16LE/ref/../unicode_lipsum/lipsum/Hindi-Lipsum.utf8.txt	     10708	196149.51 ns/op	448.62207 MB/s
Benchmark8to16LE/neon/../unicode_lipsum/lipsum/Hindi-Lipsum.utf8.txt	     11190	186228.04 ns/op	472.52284 MB/s
Benchmark8to16LE/ref/../unicode_lipsum/lipsum/Japanese-Lipsum.utf8.txt	     17415	120608 ns/op	562.21811 MB/s
Benchmark8to16LE/neon/../unicode_lipsum/lipsum/Japanese-Lipsum.utf8.txt	     15537	134307 ns/op	504.87315 MB/s
Benchmark8to16LE/ref/../unicode_lipsum/lipsum/Korean-Lipsum.utf8.txt	     17065	123340.91 ns/op	539.96681 MB/s
Benchmark8to16LE/neon/../unicode_lipsum/lipsum/Korean-Lipsum.utf8.txt	     14719	142631.83 ns/op	466.93643 MB/s
Benchmark8to16LE/ref/../unicode_lipsum/lipsum/Latin-Lipsum.utf8.txt	     16137	130173.81 ns/op	667.87626 MB/s
Benchmark8to16LE/neon/../unicode_lipsum/lipsum/Latin-Lipsum.utf8.txt	      6963	301005.68 ns/op	288.83176 MB/s
Benchmark8to16LE/ref/../unicode_lipsum/lipsum/Russian-Lipsum.utf8.txt	      9171	219529.31 ns/op	477.24835 MB/s
Benchmark8to16LE/neon/../unicode_lipsum/lipsum/Russian-Lipsum.utf8.txt	      9843	213307.99 ns/op	491.16772 MB/s
Benchmark8to16LE/ref/../unicode_lipsum/lipsum/Arabic-Lipsum.utf8.txt	     18038	116242.57 ns/op	702.71158 MB/s
Benchmark8to16LE/neon/../unicode_lipsum/lipsum/Arabic-Lipsum.utf8.txt	     12423	168621.94 ns/op	484.42688 MB/s
Benchmark8to16LE/ref/../unicode_lipsum/lipsum/Chinese-Lipsum.utf8.txt	     18098	116049.66 ns/op	601.81132 MB/s
Benchmark8to16LE/neon/../unicode_lipsum/lipsum/Chinese-Lipsum.utf8.txt	     15394	136428.2 ns/op	511.91761 MB/s
Benchmark8to16LE/ref/../unicode_lipsum/lipsum/Emoji-Lipsum.utf8.txt	     21990	95496.672 ns/op	686.32758 MB/s
Benchmark8to16LE/neon/../unicode_lipsum/lipsum/Emoji-Lipsum.utf8.txt	     16889	124320.61 ns/op	527.2014 MB/s
Benchmark8to16LE/ref/../unicode_lipsum/lipsum/Hebrew-Lipsum.utf8.txt	     22163	94755.429 ns/op	701.75398 MB/s
Benchmark8to16LE/neon/../unicode_lipsum/lipsum/Hebrew-Lipsum.utf8.txt	     15090	139297.63 ns/op	477.35915 MB/s
Benchmark8to16LE/ref/../unicode_lipsum/lipsum/Hindi-Lipsum.utf8.txt	     10692	196684.22 ns/op	447.40243 MB/s
Benchmark8to16LE/neon/../unicode_lipsum/lipsum/Hindi-Lipsum.utf8.txt	     11155	188327.39 ns/op	467.25544 MB/s
Benchmark8to16LE/ref/../unicode_lipsum/lipsum/Japanese-Lipsum.utf8.txt	     17495	120051.07 ns/op	564.82628 MB/s
Benchmark8to16LE/neon/../unicode_lipsum/lipsum/Japanese-Lipsum.utf8.txt	     15577	134915.48 ns/op	502.59616 MB/s
Benchmark8to16LE/ref/../unicode_lipsum/lipsum/Korean-Lipsum.utf8.txt	     16915	124112.7 ns/op	536.60907 MB/s
Benchmark8to16LE/neon/../unicode_lipsum/lipsum/Korean-Lipsum.utf8.txt	     14750	143256.21 ns/op	464.90131 MB/s
Benchmark8to16LE/ref/../unicode_lipsum/lipsum/Latin-Lipsum.utf8.txt	     16263	129997.85 ns/op	668.7803 MB/s
Benchmark8to16LE/neon/../unicode_lipsum/lipsum/Latin-Lipsum.utf8.txt	      6930	300298.79 ns/op	289.51165 MB/s
Benchmark8to16LE/ref/../unicode_lipsum/lipsum/Russian-Lipsum.utf8.txt	      8874	231087.38 ns/op	453.37828 MB/s
Benchmark8to16LE/neon/../unicode_lipsum/lipsum/Russian-Lipsum.utf8.txt	      9729	218790.84 ns/op	478.85918 MB/s
Benchmark8to16LE/ref/../unicode_lipsum/lipsum/Arabic-Lipsum.utf8.txt	     18009	116540.1 ns/op	700.91753 MB/s
Benchmark8to16LE/neon/../unicode_lipsum/lipsum/Arabic-Lipsum.utf8.txt	     12392	169129.95 ns/op	482.97182 MB/s
Benchmark8to16LE/ref/../unicode_lipsum/lipsum/Chinese-Lipsum.utf8.txt	     18113	115912.82 ns/op	602.52181 MB/s
Benchmark8to16LE/neon/../unicode_lipsum/lipsum/Chinese-Lipsum.utf8.txt	     15362	136725.31 ns/op	510.80522 MB/s
Benchmark8to16LE/ref/../unicode_lipsum/lipsum/Emoji-Lipsum.utf8.txt	     21989	95478.935 ns/op	686.45508 MB/s
Benchmark8to16LE/neon/../unicode_lipsum/lipsum/Emoji-Lipsum.utf8.txt	     16886	124331.21 ns/op	527.15645 MB/s
Benchmark8to16LE/ref/../unicode_lipsum/lipsum/Hebrew-Lipsum.utf8.txt	     22258	94503.65 ns/op	703.62362 MB/s
Benchmark8to16LE/neon/../unicode_lipsum/lipsum/Hebrew-Lipsum.utf8.txt	     15402	136396.27 ns/op	487.51334 MB/s
Benchmark8to16LE/ref/../unicode_lipsum/lipsum/Hindi-Lipsum.utf8.txt	     10718	195812.95 ns/op	449.39315 MB/s
Benchmark8to16LE/neon/../unicode_lipsum/lipsum/Hindi-Lipsum.utf8.txt	     11239	187976.46 ns/op	468.12776 MB/s
Benchmark8to16LE/ref/../unicode_lipsum/lipsum/Japanese-Lipsum.utf8.txt	     17481	120062.34 ns/op	564.77327 MB/s
Benchmark8to16LE/neon/../unicode_lipsum/lipsum/Japanese-Lipsum.utf8.txt	     15864	132944.47 ns/op	510.04754 MB/s
Benchmark8to16LE/ref/../unicode_lipsum/lipsum/Korean-Lipsum.utf8.txt	     16958	123174.06 ns/op	540.69828 MB/s
Benchmark8to16LE/neon/../unicode_lipsum/lipsum/Korean-Lipsum.utf8.txt	     14652	143394.07 ns/op	464.45437 MB/s
Benchmark8to16LE/ref/../unicode_lipsum/lipsum/Latin-Lipsum.utf8.txt	     16602	128841.38 ns/op	674.78321 MB/s
Benchmark8to16LE/neon/../unicode_lipsum/lipsum/Latin-Lipsum.utf8.txt	      6960	301984.19 ns/op	287.89587 MB/s
Benchmark8to16LE/ref/../unicode_lipsum/lipsum/Russian-Lipsum.utf8.txt	      8890	226257.8 ns/op	463.05585 MB/s
Benchmark8to16LE/neon/../unicode_lipsum/lipsum/Russian-Lipsum.utf8.txt	      9739	214707.92 ns/op	487.96524 MB/s
Benchmark8to16LE/ref/../unicode_lipsum/lipsum/Arabic-Lipsum.utf8.txt	     18044	116548.28 ns/op	700.86837 MB/s
Benchmark8to16LE/neon/../unicode_lipsum/lipsum/Arabic-Lipsum.utf8.txt	     12467	168001.14 ns/op	486.21693 MB/s
Benchmark8to16LE/ref/../unicode_lipsum/lipsum/Chinese-Lipsum.utf8.txt	     18110	115956.53 ns/op	602.29467 MB/s
Benchmark8to16LE/neon/../unicode_lipsum/lipsum/Chinese-Lipsum.utf8.txt	     15489	136174.97 ns/op	512.86959 MB/s
Benchmark8to16LE/ref/../unicode_lipsum/lipsum/Emoji-Lipsum.utf8.txt	     21987	95488.932 ns/op	686.38321 MB/s
Benchmark8to16LE/neon/../unicode_lipsum/lipsum/Emoji-Lipsum.utf8.txt	     16888	124330.93 ns/op	527.15766 MB/s
Benchmark8to16LE/ref/../unicode_lipsum/lipsum/Hebrew-Lipsum.utf8.txt	     22171	94446.011 ns/op	704.05303 MB/s
Benchmark8to16LE/neon/../unicode_lipsum/lipsum/Hebrew-Lipsum.utf8.txt	     15256	136599.92 ns/op	486.78653 MB/s
Benchmark8to16LE/ref/../unicode_lipsum/lipsum/Hindi-Lipsum.utf8.txt	     10690	196944 ns/op	446.81228 MB/s
Benchmark8to16LE/neon/../unicode_lipsum/lipsum/Hindi-Lipsum.utf8.txt	     11270	186449.13 ns/op	471.96252 MB/s
Benchmark8to16LE/ref/../unicode_lipsum/lipsum/Japanese-Lipsum.utf8.txt	     17471	120010.43 ns/op	565.01754 MB/s
Benchmark8to16LE/neon/../unicode_lipsum/lipsum/Japanese-Lipsum.utf8.txt	     15538	135157.64 ns/op	501.69566 MB/s
Benchmark8to16LE/ref/../unicode_lipsum/lipsum/Korean-Lipsum.utf8.txt	     17009	124335.57 ns/op	535.64719 MB/s
Benchmark8to16LE/neon/../unicode_lipsum/lipsum/Korean-Lipsum.utf8.txt	     14931	140729.85 ns/op	473.24716 MB/s
Benchmark8to16LE/ref/../unicode_lipsum/lipsum/Latin-Lipsum.utf8.txt	     16146	129978.24 ns/op	668.88118 MB/s
Benchmark8to16LE/neon/../unicode_lipsum/lipsum/Latin-Lipsum.utf8.txt	      6944	301576.02 ns/op	288.28552 MB/s
Benchmark8to16LE/ref/../unicode_lipsum/lipsum/Russian-Lipsum.utf8.txt	      8980	227119.47 ns/op	461.29908 MB/s
Benchmark8to16LE/neon/../unicode_lipsum/lipsum/Russian-Lipsum.utf8.txt	      9806	214492.95 ns/op	488.45428 MB/s
Benchmark8to16LE/ref/../unicode_lipsum/lipsum/Arabic-Lipsum.utf8.txt	     18047	116596.41 ns/op	700.57901 MB/s
Benchmark8to16LE/neon/../unicode_lipsum/lipsum/Arabic-Lipsum.utf8.txt	     12578	166758.19 ns/op	489.84102 MB/s
Benchmark8to16LE/ref/../unicode_lipsum/lipsum/Chinese-Lipsum.utf8.txt	     18105	116012.58 ns/op	602.00368 MB/s
Benchmark8to16LE/neon/../unicode_lipsum/lipsum/Chinese-Lipsum.utf8.txt	     15472	135970.56 ns/op	513.64059 MB/s
Benchmark8to16LE/ref/../unicode_lipsum/lipsum/Emoji-Lipsum.utf8.txt	     21995	95484.128 ns/op	686.41775 MB/s
Benchmark8to16LE/neon/../unicode_lipsum/lipsum/Emoji-Lipsum.utf8.txt	     16888	124335.28 ns/op	527.1392 MB/s
Benchmark8to16LE/ref/../unicode_lipsum/lipsum/Hebrew-Lipsum.utf8.txt	     22136	94799.939 ns/op	701.4245 MB/s
Benchmark8to16LE/neon/../unicode_lipsum/lipsum/Hebrew-Lipsum.utf8.txt	     15069	136225.76 ns/op	488.12354 MB/s
Benchmark8to16LE/ref/../unicode_lipsum/lipsum/Hindi-Lipsum.utf8.txt	     10645	196435.35 ns/op	447.96927 MB/s
Benchmark8to16LE/neon/../unicode_lipsum/lipsum/Hindi-Lipsum.utf8.txt	     11299	185961.18 ns/op	473.20091 MB/s
Benchmark8to16LE/ref/../unicode_lipsum/lipsum/Japanese-Lipsum.utf8.txt	     17493	120156.77 ns/op	564.32944 MB/s
Benchmark8to16LE/neon/../unicode_lipsum/lipsum/Japanese-Lipsum.utf8.txt	     15564	133417.19 ns/op	508.24035 MB/s
Benchmark8to16LE/ref/../unicode_lipsum/lipsum/Korean-Lipsum.utf8.txt	     17028	123352.08 ns/op	539.91795 MB/s
Benchmark8to16LE/neon/../unicode_lipsum/lipsum/Korean-Lipsum.utf8.txt	     14882	141083.46 ns/op	472.061 MB/s
Benchmark8to16LE/ref/../unicode_lipsum/lipsum/Latin-Lipsum.utf8.txt	     16154	130187.72 ns/op	667.80493 MB/s
Benchmark8to16LE/neon/../unicode_lipsum/lipsum/Latin-Lipsum.utf8.txt	      6879	306795.52 ns/op	283.38093 MB/s
Benchmark8to16LE/ref/../unicode_lipsum/lipsum/Russian-Lipsum.utf8.txt	      9116	235820.82 ns/op	444.278 MB/s
Benchmark8to16LE/neon/../unicode_lipsum/lipsum/Russian-Lipsum.utf8.txt	      9733	213653.74 ns/op	490.37288 MB/s
Benchmark8to16LE/ref/../unicode_lipsum/lipsum/Arabic-Lipsum.utf8.txt	     18020	116495.56 ns/op	701.18554 MB/s
Benchmark8to16LE/neon/../unicode_lipsum/lipsum/Arabic-Lipsum.utf8.txt	     12476	167862.39 ns/op	486.61884 MB/s
Benchmark8to16LE/ref/../unicode_lipsum/lipsum/Chinese-Lipsum.utf8.txt	     18096	116020.58 ns/op	601.96215 MB/s
Benchmark8to16LE/neon/../unicode_lipsum/lipsum/Chinese-Lipsum.utf8.txt	     15328	137033.52 ns/op	509.65631 MB/s
Benchmark8to16LE/ref/../unicode_lipsum/lipsum/Emoji-Lipsum.utf8.txt	     21992	95496.67 ns/op	686.3276 MB/s
Benchmark8to16LE/neon/../unicode_lipsum/lipsum/Emoji-Lipsum.utf8.txt	     16888	124323.01 ns/op	527.19124 MB/s
Benchmark8to16LE/ref/../unicode_lipsum/lipsum/Hebrew-Lipsum.utf8.txt	     22208	94721.1 ns/op	702.00831 MB/s
Benchmark8to16LE/neon/../unicode_lipsum/lipsum/Hebrew-Lipsum.utf8.txt	     15442	136588.43 ns/op	486.82748 MB/s
Benchmark8to16LE/ref/../unicode_lipsum/lipsum/Hindi-Lipsum.utf8.txt	     10670	196916.08 ns/op	446.87564 MB/s
Benchmark8to16LE/neon/../unicode_lipsum/lipsum/Hindi-Lipsum.utf8.txt	     11132	189269.28 ns/op	464.93018 MB/s
Benchmark8to16LE/ref/../unicode_lipsum/lipsum/Japanese-Lipsum.utf8.txt	     17483	120295.05 ns/op	563.68071 MB/s
Benchmark8to16LE/neon/../unicode_lipsum/lipsum/Japanese-Lipsum.utf8.txt	     15784	132986.52 ns/op	509.88628 MB/s
Benchmark8to16LE/ref/../unicode_lipsum/lipsum/Korean-Lipsum.utf8.txt	     17175	122197.53 ns/op	545.01922 MB/s
Benchmark8to16LE/neon/../unicode_lipsum/lipsum/Korean-Lipsum.utf8.txt	     14878	141081.98 ns/op	472.06596 MB/s
Benchmark8to16LE/ref/../unicode_lipsum/lipsum/Latin-Lipsum.utf8.txt	     16511	129604.37 ns/op	670.8107 MB/s
Benchmark8to16LE/neon/../unicode_lipsum/lipsum/Latin-Lipsum.utf8.txt	      7001	298181.65 ns/op	291.56724 MB/s
Benchmark8to16LE/ref/../unicode_lipsum/lipsum/Russian-Lipsum.utf8.txt	      8884	238091.83 ns/op	440.0403 MB/s
Benchmark8to16LE/neon/../unicode_lipsum/lipsum/Russian-Lipsum.utf8.txt	      9816	213224.15 ns/op	491.36085 MB/s
