Benchmark8to16LE/ref/../unicode_lipsum/lipsum/Arabic-Lipsum.utf8.txt	     18137	115967.11 ns/op	704.38077 MB/s
Benchmark8to16LE/neon/../unicode_lipsum/lipsum/Arabic-Lipsum.utf8.txt	     12499	168057.94 ns/op	486.05262 MB/s
Benchmark8to16LE/ref/../unicode_lipsum/lipsum/Chinese-Lipsum.utf8.txt	     18140	115696.44 ns/op	603.64865 MB/s
Benchmark8to16LE/neon/../unicode_lipsum/lipsum/Chinese-Lipsum.utf8.txt	     15389	136433.3 ns/op	511.89848 MB/s
Benchmark8to16LE/ref/../unicode_lipsum/lipsum/Emoji-Lipsum.utf8.txt	     21876	96015.425 ns/op	682.61949 MB/s
Benchmark8to16LE/neon/../unicode_lipsum/lipsum/Emoji-Lipsum.utf8.txt	     16536	126999.59 ns/op	516.08042 MB/s
Benchmark8to16LE/ref/../unicode_lipsum/lipsum/Hebrew-Lipsum.utf8.txt	     22237	94490.768 ns/op	703.71955 MB/s
Benchmark8to16LE/neon/../unicode_lipsum/lipsum/Hebrew-Lipsum.utf8.txt	     15289	137307.44 ns/op	484.27822 MB/s
Benchmark8to16LE/ref/../unicode_lipsum/lipsum/Hindi-Lipsum.utf8.txt	     10633	197559.52 ns/op	445.4202 MB/s
Benchmark8to16LE/neon/../unicode_lipsum/lipsum/Hindi-Lipsum.utf8.txt	     11237	186974.23 ns/op	470.63705 MB/s
Benchmark8to16LE/ref/../unicode_lipsum/lipsum/Japanese-Lipsum.utf8.txt	     17438	120276.05 ns/op	563.76976 MB/s
Benchmark8to16LE/neon/../unicode_lipsum/lipsum/Japanese-Lipsum.utf8.txt	     15684	133877.98 ns/op	506.49107 MB/s
Benchmark8to16LE/ref/../unicode_lipsum/lipsum/Korean-Lipsum.utf8.txt	     17009	123340.27 ns/op	539.96963 MB/s
Benchmark8to16LE/neon/../unicode_lipsum/lipsum/Korean-Lipsum.utf8.txt	     14802	141851.67 ns/op	469.50451 MB/s
Benchmark8to16LE/ref/../unicode_lipsum/lipsum/Latin-Lipsum.utf8.txt	     16133	130132.4 ns/op	668.0888 MB/s
Benchmark8to16LE/neon/../unicode_lipsum/lipsum/Latin-Lipsum.utf8.txt	    177118	11818.907 ns/op	7356.0099 MB/s
Benchmark8to16LE/ref/../unicode_lipsum/lipsum/Russian-Lipsum.utf8.txt	      9557	220448.51 ns/op	475.25837 MB/s
Benchmark8to16LE/neon/../unicode_lipsum/lipsum/Russian-Lipsum.utf8.txt	      9787	214570.18 ns/op	488.27848 MB/s
Benchmark8to16LE/ref/../unicode_lipsum/lipsum/Arabic-Lipsum.utf8.txt	     18141	115781.98 ns/op	705.50703 MB/s
Benchmark8to16LE/neon/../unicode_lipsum/lipsum/Arabic-Lipsum.utf8.txt	     12492	168142.54 ns/op	485.80806 MB/s
Benchmark8to16LE/ref/../unicode_lipsum/lipsum/Chinese-Lipsum.utf8.txt	     18119	115881.17 ns/op	602.68637 MB/s
Benchmark8to16LE/neon/../unicode_lipsum/lipsum/Chinese-Lipsum.utf8.txt	     15390	136446.26 ns/op	511.84989 MB/s
Benchmark8to16LE/ref/../unicode_lipsum/lipsum/Emoji-Lipsum.utf8.txt	     21875	96005.788 ns/op	682.68801 MB/s
Benchmark8to16LE/neon/../unicode_lipsum/lipsum/Emoji-Lipsum.utf8.txt	     16538	126974.3 ns/op	516.18318 MB/s
Benchmark8to16LE/ref/../unicode_lipsum/lipsum/Hebrew-Lipsum.utf8.txt	     22243	94454.985 ns/op	703.98613 MB/s
Benchmark8to16LE/neon/../unicode_lipsum/lipsum/Hebrew-Lipsum.utf8.txt	     15286	137363.33 ns/op	484.08115 MB/s
Benchmark8to16LE/ref/../unicode_lipsum/lipsum/Hindi-Lipsum.utf8.txt	     10659	197304.01 ns/op	445.99702 MB/s
Benchmark8to16LE/neon/../unicode_lipsum/lipsum/Hindi-Lipsum.utf8.txt	     11247	186828.62 ns/op	471.00386 MB/s
Benchmark8to16LE/ref/../unicode_lipsum/lipsum/Japanese-Lipsum.utf8.txt	     17479	120173.35 ns/op	564.25157 MB/s
Benchmark8to16LE/neon/../unicode_lipsum/lipsum/Japanese-Lipsum.utf8.txt	     15698	133768.23 ns/op	506.9066 MB/s
Benchmark8to16LE/ref/../unicode_lipsum/lipsum/Korean-Lipsum.utf8.txt	     17667	119111.9 ns/op	559.1381 MB/s
Benchmark8to16LE/neon/../unicode_lipsum/lipsum/Korean-Lipsum.utf8.txt	     14823	141654.98 ns/op	470.15643 MB/s
Benchmark8to16LE/ref/../unicode_lipsum/lipsum/Latin-Lipsum.utf8.txt	     16140	130115.84 ns/op	668.17386 MB/s
Benchmark8to16LE/neon/../unicode_lipsum/lipsum/Latin-Lipsum.utf8.txt	    177358	11889.361 ns/op	7312.4201 MB/s
Benchmark8to16LE/ref/../unicode_lipsum/lipsum/Russian-Lipsum.utf8.txt	      9508	222091.12 ns/op	471.74332 MB/s
Benchmark8to16LE/neon/../unicode_lipsum/lipsum/Russian-Lipsum.utf8.txt	      9784	214678.99 ns/op	488.03098 MB/s
Benchmark8to16LE/ref/../unicode_lipsum/lipsum/Arabic-Lipsum.utf8.txt	     18106	115721.81 ns/op	705.87388 MB/s
Benchmark8to16LE/neon/../unicode_lipsum/lipsum/Arabic-Lipsum.utf8.txt	     12506	167962.23 ns/op	486.32958 MB/s
Benchmark8to16LE/ref/../unicode_lipsum/lipsum/Chinese-Lipsum.utf8.txt	     18129	115859.51 ns/op	602.79902 MB/s
Benchmark8to16LE/neon/../unicode_lipsum/lipsum/Chinese-Lipsum.utf8.txt	     15393	136396.43 ns/op	512.03687 MB/s
Benchmark8to16LE/ref/../unicode_lipsum/lipsum/Emoji-Lipsum.utf8.txt	     21871	96005.584 ns/op	682.68946 MB/s
Benchmark8to16LE/neon/../unicode_lipsum/lipsum/Emoji-Lipsum.utf8.txt	     16538	126975.49 ns/op	516.17838 MB/s
Benchmark8to16LE/ref/../unicode_lipsum/lipsum/Hebrew-Lipsum.utf8.txt	     22285	94295.99 ns/op	705.17314 MB/s
Benchmark8to16LE/neon/../unicode_lipsum/lipsum/Hebrew-Lipsum.utf8.txt	     15300	137246.03 ns/op	484.4949 MB/s
Benchmark8to16LE/ref/../unicode_lipsum/lipsum/Hindi-Lipsum.utf8.txt	     10664	197121.19 ns/op	446.41066 MB/s
Benchmark8to16LE/neon/../unicode_lipsum/lipsum/Hindi-Lipsum.utf8.txt	     11238	186900.17 ns/op	470.82355 MB/s
Benchmark8to16LE/ref/../unicode_lipsum/lipsum/Japanese-Lipsum.utf8.txt	     17431	120711.48 ns/op	561.73613 MB/s
Benchmark8to16LE/neon/../unicode_lipsum/lipsum/Japanese-Lipsum.utf8.txt	     15701	133732.6 ns/op	507.04167 MB/s
Benchmark8to16LE/ref/../unicode_lipsum/lipsum/Korean-Lipsum.utf8.txt	     17618	121258.92 ns/op	549.23794 MB/s
Benchmark8to16LE/neon/../unicode_lipsum/lipsum/Korean-Lipsum.utf8.txt	     14817	141747 ns/op	469.85121 MB/s
Benchmark8to16LE/ref/../unicode_lipsum/lipsum/Latin-Lipsum.utf8.txt	     16309	128755.69 ns/op	675.23229 MB/s
Benchmark8to16LE/neon/../unicode_lipsum/lipsum/Latin-Lipsum.utf8.txt	    177509	11872.303 ns/op	7322.9263 MB/s
Benchmark8to16LE/ref/../unicode_lipsum/lipsum/Russian-Lipsum.utf8.txt	      9434	225915.31 ns/op	463.75786 MB/s
Benchmark8to16LE/neon/../unicode_lipsum/lipsum/Russian-Lipsum.utf8.txt	      9785	214597.87 ns/op	488.21547 MB/s
Benchmark8to16LE/ref/../unicode_lipsum/lipsum/Arabic-Lipsum.utf8.txt	     18142	115830.74 ns/op	705.21004 MB/s
Benchmark8to16LE/neon/../unicode_lipsum/lipsum/Arabic-Lipsum.utf8.txt	     12508	167971.99 ns/op	486.30131 MB/s
Benchmark8to16LE/ref/../unicode_lipsum/lipsum/Chinese-Lipsum.utf8.txt	     18119	115885.25 ns/op	602.66515 MB/s
Benchmark8to16LE/neon/../unicode_lipsum/lipsum/Chinese-Lipsum.utf8.txt	     15391	136404.15 ns/op	512.00788 MB/s
Benchmark8to16LE/ref/../unicode_lipsum/lipsum/Emoji-Lipsum.utf8.txt	     21874	96012.572 ns/op	682.63977 MB/s
Benchmark8to16LE/neon/../unicode_lipsum/lipsum/Emoji-Lipsum.utf8.txt	     16537	126977.1 ns/op	516.1718 MB/s
Benchmark8to16LE/ref/../unicode_lipsum/lipsum/Hebrew-Lipsum.utf8.txt	     22264	94347.178 ns/op	704.79055 MB/s
Benchmark8to16LE/neon/../unicode_lipsum/lipsum/Hebrew-Lipsum.utf8.txt	     15295	137299.75 ns/op	484.30532 MB/s
Benchmark8to16LE/ref/../unicode_lipsum/lipsum/Hindi-Lipsum.utf8.txt	     10643	197149.3 ns/op	446.347 MB/s
Benchmark8to16LE/neon/../unicode_lipsum/lipsum/Hindi-Lipsum.utf8.txt	     11247	186745.69 ns/op	471.21302 MB/s
Benchmark8to16LE/ref/../unicode_lipsum/lipsum/Japanese-Lipsum.utf8.txt	     17474	120259.75 ns/op	563.84615 MB/s
Benchmark8to16LE/neon/../unicode_lipsum/lipsum/Japanese-Lipsum.utf8.txt	     15703	133726.69 ns/op	507.06407 MB/s
Benchmark8to16LE/ref/../unicode_lipsum/lipsum/Korean-Lipsum.utf8.txt	     17197	121865.21 ns/op	546.50545 MB/s
Benchmark8to16LE/neon/../unicode_lipsum/lipsum/Korean-Lipsum.utf8.txt	     14824	141615.9 ns/op	470.28617 MB/s
Benchmark8to16LE/ref/../unicode_lipsum/lipsum/Latin-Lipsum.utf8.txt	     16134	130106.2 ns/op	668.22334 MB/s
Benchmark8to16LE/neon/../unicode_lipsum/lipsum/Latin-Lipsum.utf8.txt	    176978	11829.557 ns/op	7349.3876 MB/s
Benchmark8to16LE/ref/../unicode_lipsum/lipsum/Russian-Lipsum.utf8.txt	      9340	224152.65 ns/op	467.4047 MB/s
Benchmark8to16LE/neon/../unicode_lipsum/lipsum/Russian-Lipsum.utf8.txt	      9787	214590.24 ns/op	488.23284 MB/s
Benchmark8to16LE/ref/../unicode_lipsum/lipsum/Arabic-Lipsum.utf8.txt	     18135	115764.47 ns/op	705.61374 MB/s
Benchmark8to16LE/neon/../unicode_lipsum/lipsum/Arabic-Lipsum.utf8.txt	     12502	167956.41 ns/op	486.34644 MB/s
Benchmark8to16LE/ref/../unicode_lipsum/lipsum/Chinese-Lipsum.utf8.txt	     18123	115869.46 ns/op	602.74729 MB/s
Benchmark8to16LE/neon/../unicode_lipsum/lipsum/Chinese-Lipsum.utf8.txt	     15385	136487.03 ns/op	511.69697 MB/s
Benchmark8to16LE/ref/../unicode_lipsum/lipsum/Emoji-Lipsum.utf8.txt	     21876	96009.232 ns/op	682.66351 MB/s
Benchmark8to16LE/neon/../unicode_lipsum/lipsum/Emoji-Lipsum.utf8.txt	     16538	126977.96 ns/op	516.16833 MB/s
Benchmark8to16LE/ref/../unicode_lipsum/lipsum/Hebrew-Lipsum.utf8.txt	     22277	94407.713 ns/op	704.33864 MB/s
Benchmark8to16LE/neon/../unicode_lipsum/lipsum/Hebrew-Lipsum.utf8.txt	     15292	137285.28 ns/op	484.35637 MB/s
Benchmark8to16LE/ref/../unicode_lipsum/lipsum/Hindi-Lipsum.utf8.txt	     10626	197519.15 ns/op	445.51124 MB/s
Benchmark8to16LE/neon/../unicode_lipsum/lipsum/Hindi-Lipsum.utf8.txt	     11244	186788.41 ns/op	471.10524 MB/s
Benchmark8to16LE/ref/../unicode_lipsum/lipsum/Japanese-Lipsum.utf8.txt	     17476	120193.16 ns/op	564.15856 MB/s
Benchmark8to16LE/neon/../unicode_lipsum/lipsum/Japanese-Lipsum.utf8.txt	     15690	133799.96 ns/op	506.78639 MB/s
Benchmark8to16LE/ref/../unicode_lipsum/lipsum/Korean-Lipsum.utf8.txt	     17412	120051.32 ns/op	554.76273 MB/s
Benchmark8to16LE/neon/../unicode_lipsum/lipsum/Korean-Lipsum.utf8.txt	     14824	141649.61 ns/op	470.17427 MB/s
Benchmark8to16LE/ref/../unicode_lipsum/lipsum/Latin-Lipsum.utf8.txt	     16558	127056.36 ns/op	684.26325 MB/s
Benchmark8to16LE/neon/../unicode_lipsum/lipsum/Latin-Lipsum.utf8.txt	    177451	11876.172 ns/op	7320.5405 MB/s
Benchmark8to16LE/ref/../unicode_lipsum/lipsum/Russian-Lipsum.utf8.txt	      9453	225465.41 ns/op	464.68326 MB/s
Benchmark8to16LE/neon/../unicode_lipsum/lipsum/Russian-Lipsum.utf8.txt	      9789	214571.61 ns/op	488.27523 MB/s
Benchmark8to16LE/ref/../unicode_lipsum/lipsum/Arabic-Lipsum.utf8.txt	     18103	115932.47 ns/op	704.59125 MB/s
Benchmark8to16LE/neon/../unicode_lipsum/lipsum/Arabic-Lipsum.utf8.txt	     12494	168115.64 ns/op	485.88579 MB/s
Benchmark8to16LE/ref/../unicode_lipsum/lipsum/Chinese-Lipsum.utf8.txt	     18123	115857.33 ns/op	602.81037 MB/s
Benchmark8to16LE/neon/../unicode_lipsum/lipsum/Chinese-Lipsum.utf8.txt	     15389	136430.63 ns/op	511.90849 MB/s
Benchmark8to16LE/ref/../unicode_lipsum/lipsum/Emoji-Lipsum.utf8.txt	     21872	96004.912 ns/op	682.69424 MB/s
Benchmark8to16LE/neon/../unicode_lipsum/lipsum/Emoji-Lipsum.utf8.txt	     16537	126985.63 ns/op	516.13716 MB/s
Benchmark8to16LE/ref/../unicode_lipsum/lipsum/Hebrew-Lipsum.utf8.txt	     22261	94417.757 ns/op	704.26371 MB/s
Benchmark8to16LE/neon/../unicode_lipsum/lipsum/Hebrew-Lipsum.utf8.txt	     15277	137419.8 ns/op	483.88225 MB/s
Benchmark8to16LE/ref/../unicode_lipsum/lipsum/Hindi-Lipsum.utf8.txt	     10683	196646.03 ns/op	447.48932 MB/s
Benchmark8to16LE/neon/../unicode_lipsum/lipsum/Hindi-Lipsum.utf8.txt	     11246	186834.46 ns/op	470.98912 MB/s
Benchmark8to16LE/ref/../unicode_lipsum/lipsum/Japanese-Lipsum.utf8.txt	     17459	120378.21 ns/op	563.2913 MB/s
Benchmark8to16LE/neon/../unicode_lipsum/lipsum/Japanese-Lipsum.utf8.txt	     15684	133848.51 ns/op	506.60256 MB/s
Benchmark8to16LE/ref/../unicode_lipsum/lipsum/Korean-Lipsum.utf8.txt	     17531	119337.57 ns/op	558.08075 MB/s
Benchmark8to16LE/neon/../unicode_lipsum/lipsum/Korean-Lipsum.utf8.txt	     14815	141739.98 ns/op	469.87447 MB/s
Benchmark8to16LE/ref/../unicode_lipsum/lipsum/Latin-Lipsum.utf8.txt	     16138	130141.88 ns/op	668.04013 MB/s
Benchmark8to16LE/neon/../unicode_lipsum/lipsum/Latin-Lipsum.utf8.txt	    177430	11873.616 ns/op	7322.1164 MB/s
Benchmark8to16LE/ref/../unicode_lipsum/lipsum/Russian-Lipsum.utf8.txt	      9436	224724.2 ns/op	466.21592 MB/s
Benchmark8to16LE/neon/../unicode_lipsum/lipsum/Russian-Lipsum.utf8.txt	      9783	214641.94 ns/op	488.11522 MB/s
Benchmark8to16LE/ref/../unicode_lipsum/lipsum/Arabic-Lipsum.utf8.txt	     18128	115828.48 ns/op	705.22381 MB/s
Benchmark8to16LE/neon/../unicode_lipsum/lipsum/Arabic-Lipsum.utf8.txt	     12503	167970.77 ns/op	486.30485 MB/s
Benchmark8to16LE/ref/../unicode_lipsum/lipsum/Chinese-Lipsum.utf8.txt	     18123	115861.11 ns/op	602.79069 MB/s
Benchmark8to16LE/neon/../unicode_lipsum/lipsum/Chinese-Lipsum.utf8.txt	     15392	136419.06 ns/op	511.95192 MB/s
Benchmark8to16LE/ref/../unicode_lipsum/lipsum/Emoji-Lipsum.utf8.txt	     21875	96008.257 ns/op	682.67045 MB/s
Benchmark8to16LE/neon/../unicode_lipsum/lipsum/Emoji-Lipsum.utf8.txt	     16535	127016.34 ns/op	516.01233 MB/s
Benchmark8to16LE/ref/../unicode_lipsum/lipsum/Hebrew-Lipsum.utf8.txt	     22266	94348.327 ns/op	704.78197 MB/s
Benchmark8to16LE/neon/../unicode_lipsum/lipsum/Hebrew-Lipsum.utf8.txt	     15295	137296.97 ns/op	484.31514 MB/s
Benchmark8to16LE/ref/../unicode_lipsum/lipsum/Hindi-Lipsum.utf8.txt	     10632	197054.37 ns/op	446.56203 MB/s
Benchmark8to16LE/neon/../unicode_lipsum/lipsum/Hindi-Lipsum.utf8.txt	     11240	186863.64 ns/op	470.91559 MB/s
Benchmark8to16LE/ref/../unicode_lipsum/lipsum/Japanese-Lipsum.utf8.txt	     17471	120389.13 ns/op	563.24022 MB/s
Benchmark8to16LE/neon/../unicode_lipsum/lipsum/Japanese-Lipsum.utf8.txt	     15701	133759.08 ns/op	506.9413 MB/s
Benchmark8to16LE/ref/../unicode_lipsum/lipsum/Korean-Lipsum.utf8.txt	     17524	121394.33 ns/op	548.62529 MB/s
Benchmark8to16LE/neon/../unicode_lipsum/lipsum/Korean-Lipsum.utf8.txt	     14825	141655.62 ns/op	470.15429 MB/s
Benchmark8to16LE/ref/../unicode_lipsum/lipsum/Latin-Lipsum.utf8.txt	     16421	128410.19 ns/op	677.04905 MB/s
Benchmark8to16LE/neon/../unicode_lipsum/lipsum/Latin-Lipsum.utf8.txt	    177434	11877.517 ns/op	7319.7118 MB/s
Benchmark8to16LE/ref/../unicode_lipsum/lipsum/Russian-Lipsum.utf8.txt	      9522	222117.91 ns/op	471.6864 MB/s
Benchmark8to16LE/neon/../unicode_lipsum/lipsum/Russian-Lipsum.utf8.txt	      9787	214537.37 ns/op	488.35315 MB/s
Benchmark8to16LE/ref/../unicode_lipsum/lipsum/Arabic-Lipsum.utf8.txt	     18145	115755.31 ns/op	705.66955 MB/s
Benchmark8to16LE/neon/../unicode_lipsum/lipsum/Arabic-Lipsum.utf8.txt	     12503	168025.94 ns/op	486.14517 MB/s
Benchmark8to16LE/ref/../unicode_lipsum/lipsum/Chinese-Lipsum.utf8.txt	     18129	115786.53 ns/op	603.17895 MB/s
Benchmark8to16LE/neon/../unicode_lipsum/lipsum/Chinese-Lipsum.utf8.txt	     15389	136447.34 ns/op	511.84583 MB/s
Benchmark8to16LE/ref/../unicode_lipsum/lipsum/Emoji-Lipsum.utf8.txt	     21875	95999.95 ns/op	682.72952 MB/s
Benchmark8to16LE/neon/../unicode_lipsum/lipsum/Emoji-Lipsum.utf8.txt	     16536	126994.45 ns/op	516.1013 MB/s
Benchmark8to16LE/ref/../unicode_lipsum/lipsum/Hebrew-Lipsum.utf8.txt	     22274	94267.45 ns/op	705.38664 MB/s
Benchmark8to16LE/neon/../unicode_lipsum/lipsum/Hebrew-Lipsum.utf8.txt	     15281	137313.13 ns/op	484.25812 MB/s
Benchmark8to16LE/ref/../unicode_lipsum/lipsum/Hindi-Lipsum.utf8.txt	     10646	197110.98 ns/op	446.43377 MB/s
Benchmark8to16LE/neon/../unicode_lipsum/lipsum/Hindi-Lipsum.utf8.txt	     11226	186965.62 ns/op	470.65873 MB/s
Benchmark8to16LE/ref/../unicode_lipsum/lipsum/Japanese-Lipsum.utf8.txt	     17471	120187.01 ns/op	564.18744 MB/s
Benchmark8to16LE/neon/../unicode_lipsum/lipsum/Japanese-Lipsum.utf8.txt	     15697	133798.74 ns/op	506.79101 MB/s
Benchmark8to16LE/ref/../unicode_lipsum/lipsum/Korean-Lipsum.utf8.txt	     17270	121231.48 ns/op	549.36228 MB/s
Benchmark8to16LE/neon/../unicode_lipsum/lipsum/Korean-Lipsum.utf8.txt	     14819	141699.45 ns/op	470.00887 MB/s
Benchmark8to16LE/ref/../unicode_lipsum/lipsum/Latin-Lipsum.utf8.txt	     16293	129454.97 ns/op	671.58485 MB/s
Benchmark8to16LE/neon/../unicode_lipsum/lipsum/Latin-Lipsum.utf8.txt	    177482	11864.315 ns/op	7327.8565 MB/s
Benchmark8to16LE/ref/../unicode_lipsum/lipsum/Russian-Lipsum.utf8.txt	      9478	227416.26 ns/op	460.69704 MB/s
Benchmark8to16LE/neon/../unicode_lipsum/lipsum/Russian-Lipsum.utf8.txt	      9786	214597.29 ns/op	488.21678 MB/s
Benchmark8to16LE/ref/../unicode_lipsum/lipsum/Arabic-Lipsum.utf8.txt	     18135	115801.06 ns/op	705.39079 MB/s
Benchmark8to16LE/neon/../unicode_lipsum/lipsum/Arabic-Lipsum.utf8.txt	     12496	168034.28 ns/op	486.12104 MB/s
Benchmark8to16LE/ref/../unicode_lipsum/lipsum/Chinese-Lipsum.utf8.txt	     18144	115957.92 ns/op	602.28744 MB/s
Benchmark8to16LE/neon/../unicode_lipsum/lipsum/Chinese-Lipsum.utf8.txt	     15378	136571.11 ns/op	511.38195 MB/s
Benchmark8to16LE/ref/../unicode_lipsum/lipsum/Emoji-Lipsum.utf8.txt	     21872	96008.434 ns/op	682.66919 MB/s
Benchmark8to16LE/neon/../unicode_lipsum/lipsum/Emoji-Lipsum.utf8.txt	     16535	127005.93 ns/op	516.05463 MB/s
Benchmark8to16LE/ref/../unicode_lipsum/lipsum/Hebrew-Lipsum.utf8.txt	     22261	94400.743 ns/op	704.39064 MB/s
Benchmark8to16LE/neon/../unicode_lipsum/lipsum/Hebrew-Lipsum.utf8.txt	     15271	137418.01 ns/op	483.88854 MB/s
Benchmark8to16LE/ref/../unicode_lipsum/lipsum/Hindi-Lipsum.utf8.txt	     10691	196998.26 ns/op	446.68923 MB/s
Benchmark8to16LE/neon/../unicode_lipsum/lipsum/Hindi-Lipsum.utf8.txt	     11224	187111.57 ns/op	470.29161 MB/s
Benchmark8to16LE/ref/../unicode_lipsum/lipsum/Japanese-Lipsum.utf8.txt	     17468	120223.8 ns/op	564.0148 MB/s
Benchmark8to16LE/neon/../unicode_lipsum/lipsum/Japanese-Lipsum.utf8.txt	     15690	133870.72 ns/op	506.51851 MB/s
Benchmark8to16LE/ref/../unicode_lipsum/lipsum/Korean-Lipsum.utf8.txt	     17422	120333.04 ns/op	553.46394 MB/s
Benchmark8to16LE/neon/../unicode_lipsum/lipsum/Korean-Lipsum.utf8.txt	     14811	141765.14 ns/op	469.7911 MB/s
Benchmark8to16LE/ref/../unicode_lipsum/lipsum/Latin-Lipsum.utf8.txt	     16237	130099.56 ns/op	668.25743 MB/s
Benchmark8to16LE/neon/../unicode_lipsum/lipsum/Latin-Lipsum.utf8.txt	    177551	11871.189 ns/op	7323.6134 MB/s
Benchmark8to16LE/ref/../unicode_lipsum/lipsum/Russian-Lipsum.utf8.txt	      9289	222358.63 ns/op	471.17579 MB/s
Benchmark8to16LE/neon/../unicode_lipsum/lipsum/Russian-Lipsum.utf8.txt	      9783	214667.59 ns/op	488.05691 MB/s
Benchmark8to16LE/ref/../unicode_lipsum/lipsum/Arabic-Lipsum.utf8.txt	     18144	115733.28 ns/op	705.80391 MB/s
Benchmark8to16LE/neon/../unicode_lipsum/lipsum/Arabic-Lipsum.utf8.txt	     12506	167907 ns/op	486.48954 MB/s
Benchmark8to16LE/ref/../unicode_lipsum/lipsum/Chinese-Lipsum.utf8.txt	     18128	115832.89 ns/op	602.93758 MB/s
Benchmark8to16LE/neon/../unicode_lipsum/lipsum/Chinese-Lipsum.utf8.txt	     15391	136427.3 ns/op	511.92099 MB/s
Benchmark8to16LE/ref/../unicode_lipsum/lipsum/Emoji-Lipsum.utf8.txt	     21872	95999.266 ns/op	682.73439 MB/s
Benchmark8to16LE/neon/../unicode_lipsum/lipsum/Emoji-Lipsum.utf8.txt	     16533	127021.85 ns/op	515.98995 MB/s
Benchmark8to16LE/ref/../unicode_lipsum/lipsum/Hebrew-Lipsum.utf8.txt	     22267	94309.472 ns/op	705.07234 MB/s
Benchmark8to16LE/neon/../unicode_lipsum/lipsum/Hebrew-Lipsum.utf8.txt	     15296	137298.67 ns/op	484.30913 MB/s
Benchmark8to16LE/ref/../unicode_lipsum/lipsum/Hindi-Lipsum.utf8.txt	     10689	196985.77 ns/op	446.71755 MB/s
Benchmark8to16LE/neon/../unicode_lipsum/lipsum/Hindi-Lipsum.utf8.txt	     11224	186936.31 ns/op	470.73251 MB/s
Benchmark8to16LE/ref/../unicode_lipsum/lipsum/Japanese-Lipsum.utf8.txt	     17461	120366.4 ns/op	563.34657 MB/s
Benchmark8to16LE/neon/../unicode_lipsum/lipsum/Japanese-Lipsum.utf8.txt	     15703	133760.8 ns/op	506.93478 MB/s
Benchmark8to16LE/ref/../unicode_lipsum/lipsum/Korean-Lipsum.utf8.txt	     17418	120118.75 ns/op	554.45131 MB/s
Benchmark8to16LE/neon/../unicode_lipsum/lipsum/Korean-Lipsum.utf8.txt	     14821	141679.57 ns/op	470.07484 MB/s
Benchmark8to16LE/ref/../unicode_lipsum/lipsum/Latin-Lipsum.utf8.txt	     16374	130110.25 ns/op	668.20254 MB/s
Benchmark8to16LE/neon/../unicode_lipsum/lipsum/Latin-Lipsum.utf8.txt	    177392	11882.274 ns/op	7316.781 MB/s
Benchmark8to16LE/ref/../unicode_lipsum/lipsum/Russian-Lipsum.utf8.txt	      9372	224939.62 ns/op	465.76944 MB/s
Benchmark8to16LE/neon/../unicode_lipsum/lipsum/Russian-Lipsum.utf8.txt	      9788	214569.16 ns/op	488.28079 MB/s
